Component: Arm Compiler for Embedded 6.21 Tool: armlink [5ec1fa00]

==============================================================================

Section Cross References

    startup_stm32f103xb.o(STACK) refers (Special) to heapauxi.o(.text) for __use_two_region_memory
    startup_stm32f103xb.o(HEAP) refers (Special) to heapauxi.o(.text) for __use_two_region_memory
    startup_stm32f103xb.o(RESET) refers (Special) to heapauxi.o(.text) for __use_two_region_memory
    startup_stm32f103xb.o(RESET) refers to startup_stm32f103xb.o(STACK) for __initial_sp
    startup_stm32f103xb.o(RESET) refers to startup_stm32f103xb.o(.text) for Reset_Handler
    startup_stm32f103xb.o(RESET) refers to stm32f1xx_it.o(.text.NMI_Handler) for NMI_Handler
    startup_stm32f103xb.o(RESET) refers to stm32f1xx_it.o(.text.HardFault_Handler) for HardFault_Handler
    startup_stm32f103xb.o(RESET) refers to stm32f1xx_it.o(.text.MemManage_Handler) for MemManage_Handler
    startup_stm32f103xb.o(RESET) refers to stm32f1xx_it.o(.text.BusFault_Handler) for BusFault_Handler
    startup_stm32f103xb.o(RESET) refers to stm32f1xx_it.o(.text.UsageFault_Handler) for UsageFault_Handler
    startup_stm32f103xb.o(RESET) refers to stm32f1xx_it.o(.text.SVC_Handler) for SVC_Handler
    startup_stm32f103xb.o(RESET) refers to stm32f1xx_it.o(.text.DebugMon_Handler) for DebugMon_Handler
    startup_stm32f103xb.o(RESET) refers to stm32f1xx_it.o(.text.PendSV_Handler) for PendSV_Handler
    startup_stm32f103xb.o(RESET) refers to stm32f1xx_it.o(.text.SysTick_Handler) for SysTick_Handler
    startup_stm32f103xb.o(RESET) refers to stm32f1xx_it.o(.text.EXTI2_IRQHandler) for EXTI2_IRQHandler
    startup_stm32f103xb.o(RESET) refers to stm32f1xx_it.o(.text.EXTI9_5_IRQHandler) for EXTI9_5_IRQHandler
    startup_stm32f103xb.o(RESET) refers to stm32f1xx_it.o(.text.USART3_IRQHandler) for USART3_IRQHandler
    startup_stm32f103xb.o(.text) refers (Special) to heapauxi.o(.text) for __use_two_region_memory
    startup_stm32f103xb.o(.text) refers to system_stm32f1xx.o(.text.SystemInit) for SystemInit
    startup_stm32f103xb.o(.text) refers to __main.o(!!!main) for __main
    startup_stm32f103xb.o(.text) refers to startup_stm32f103xb.o(HEAP) for Heap_Mem
    startup_stm32f103xb.o(.text) refers to startup_stm32f103xb.o(STACK) for Stack_Mem
    oled.o(.text.WriteCmd) refers to i2c.o(.bss.hi2c1) for hi2c1
    oled.o(.text.WriteCmd) refers to oled.o(.data.CMD_Data) for CMD_Data
    oled.o(.text.WriteCmd) refers to stm32f1xx_hal_i2c.o(.text.HAL_I2C_Mem_Write) for HAL_I2C_Mem_Write
    oled.o(.ARM.exidx.text.WriteCmd) refers to oled.o(.text.WriteCmd) for [Anonymous Symbol]
    oled.o(.text.OLED_WR_CMD) refers to i2c.o(.bss.hi2c1) for hi2c1
    oled.o(.text.OLED_WR_CMD) refers to stm32f1xx_hal_i2c.o(.text.HAL_I2C_Mem_Write) for HAL_I2C_Mem_Write
    oled.o(.ARM.exidx.text.OLED_WR_CMD) refers to oled.o(.text.OLED_WR_CMD) for [Anonymous Symbol]
    oled.o(.text.OLED_WR_DATA) refers to i2c.o(.bss.hi2c1) for hi2c1
    oled.o(.text.OLED_WR_DATA) refers to stm32f1xx_hal_i2c.o(.text.HAL_I2C_Mem_Write) for HAL_I2C_Mem_Write
    oled.o(.ARM.exidx.text.OLED_WR_DATA) refers to oled.o(.text.OLED_WR_DATA) for [Anonymous Symbol]
    oled.o(.text.OLED_Init) refers to stm32f1xx_hal.o(.text.HAL_Delay) for HAL_Delay
    oled.o(.text.OLED_Init) refers to oled.o(.text.WriteCmd) for WriteCmd
    oled.o(.ARM.exidx.text.OLED_Init) refers to oled.o(.text.OLED_Init) for [Anonymous Symbol]
    oled.o(.text.OLED_Clear) refers to i2c.o(.bss.hi2c1) for hi2c1
    oled.o(.text.OLED_Clear) refers to stm32f1xx_hal_i2c.o(.text.HAL_I2C_Mem_Write) for HAL_I2C_Mem_Write
    oled.o(.ARM.exidx.text.OLED_Clear) refers to oled.o(.text.OLED_Clear) for [Anonymous Symbol]
    oled.o(.text.OLED_Display_On) refers to i2c.o(.bss.hi2c1) for hi2c1
    oled.o(.text.OLED_Display_On) refers to stm32f1xx_hal_i2c.o(.text.HAL_I2C_Mem_Write) for HAL_I2C_Mem_Write
    oled.o(.ARM.exidx.text.OLED_Display_On) refers to oled.o(.text.OLED_Display_On) for [Anonymous Symbol]
    oled.o(.text.OLED_Display_Off) refers to i2c.o(.bss.hi2c1) for hi2c1
    oled.o(.text.OLED_Display_Off) refers to stm32f1xx_hal_i2c.o(.text.HAL_I2C_Mem_Write) for HAL_I2C_Mem_Write
    oled.o(.ARM.exidx.text.OLED_Display_Off) refers to oled.o(.text.OLED_Display_Off) for [Anonymous Symbol]
    oled.o(.text.OLED_Set_Pos) refers to i2c.o(.bss.hi2c1) for hi2c1
    oled.o(.text.OLED_Set_Pos) refers to stm32f1xx_hal_i2c.o(.text.HAL_I2C_Mem_Write) for HAL_I2C_Mem_Write
    oled.o(.ARM.exidx.text.OLED_Set_Pos) refers to oled.o(.text.OLED_Set_Pos) for [Anonymous Symbol]
    oled.o(.text.OLED_On) refers to i2c.o(.bss.hi2c1) for hi2c1
    oled.o(.text.OLED_On) refers to stm32f1xx_hal_i2c.o(.text.HAL_I2C_Mem_Write) for HAL_I2C_Mem_Write
    oled.o(.ARM.exidx.text.OLED_On) refers to oled.o(.text.OLED_On) for [Anonymous Symbol]
    oled.o(.ARM.exidx.text.oled_pow) refers to oled.o(.text.oled_pow) for [Anonymous Symbol]
[...]
    HEAP                                     0x20000328   Section      512  startup_stm32f103xb.o(HEAP)
    Stack_Mem                                0x20000528   Data        1024  startup_stm32f103xb.o(STACK)
    STACK                                    0x20000528   Section     1024  startup_stm32f103xb.o(STACK)
    __initial_sp                             0x20000928   Data           0  startup_stm32f103xb.o(STACK)

    Global Symbols

    Symbol Name                              Value     Ov Type        Size  Object(Section)

    BuildAttributes$$THM_ISAv4$P$D$K$B$S$PE$A:L22UL41UL21$X:L11$S22US41US21$IEEE1$IW$~IW$USESV6$~STKCKD$USESV7$~SHL$OTIME$ROPI$IEEEX$EBA8$UX$STANDARDLIB$REQ8$PRES8$EABIv2 0x00000000   Number         0  anon$$obj.o ABSOLUTE
    __fp_init_empty                          0x00000000   Number         0  fpinit_empty.o ABSOLUTE
    _printf_flags                            0x00000000   Number         0  printf_stubs.o ABSOLUTE
    _printf_return_value                     0x00000000   Number         0  printf_stubs.o ABSOLUTE
    _printf_sizespec                         0x00000000   Number         0  printf_stubs.o ABSOLUTE
    _printf_widthprec                        0x00000000   Number         0  printf_stubs.o ABSOLUTE
    __ARM_exceptions_init                     - Undefined Weak Reference
    __alloca_initialize                       - Undefined Weak Reference
    __arm_preinit_                            - Undefined Weak Reference
    __arm_relocate_pie_                       - Undefined Weak Reference
    __cpp_initialize__aeabi_                  - Undefined Weak Reference
    __cxa_finalize                            - Undefined Weak Reference
    __sigvec_lookup                           - Undefined Weak Reference
    _atexit_init                              - Undefined Weak Reference
    _call_atexit_fns                          - Undefined Weak Reference
    _clock_init                               - Undefined Weak Reference
    _fp_trap_init                             - Undefined Weak Reference
    _fp_trap_shutdown                         - Undefined Weak Reference
    _get_lc_collate                           - Undefined Weak Reference
    _get_lc_ctype                             - Undefined Weak Reference
    _get_lc_monetary                          - Undefined Weak Reference
    _get_lc_time                              - Undefined Weak Reference
    _getenv_init                              - Undefined Weak Reference
    _handle_redirection                       - Undefined Weak Reference
    _init_alloc                               - Undefined Weak Reference
    _init_user_alloc                          - Undefined Weak Reference
    _initio                                   - Undefined Weak Reference
    _printf_post_padding                      - Undefined Weak Reference
    _printf_pre_padding                       - Undefined Weak Reference
    _printf_truncate_signed                   - Undefined Weak Reference
    _printf_truncate_unsigned                 - Undefined Weak Reference
    _rand_init                                - Undefined Weak Reference
    _signal_finish                            - Undefined Weak Reference
    _signal_init                              - Undefined Weak Reference
    _terminate_alloc                          - Undefined Weak Reference
    _terminate_user_alloc                     - Undefined Weak Reference
    _terminateio                              - Undefined Weak Reference
    __Vectors_Size                           0x000000ec   Number         0  startup_stm32f103xb.o ABSOLUTE
    __Vectors                                0x08000000   Data           4  startup_stm32f103xb.o(RESET)
    __Vectors_End                            0x080000ec   Data           0  startup_stm32f103xb.o(RESET)
    __main                                   0x080000ed   Thumb Code     8  __main.o(!!!main)
    __scatterload                            0x080000f5   Thumb Code     0  __scatter.o(!!!scatter)
    __scatterload_rt2                        0x080000f5   Thumb Code    84  __scatter.o(!!!scatter)
    __scatterload_rt2_thumb_only             0x080000f5   Thumb Code     0  __scatter.o(!!!scatter)
    __scatterload_loop                       0x080000ff   Thumb Code     0  __scatter.o(!!!scatter)
    __scatterload_copy                       0x08000151   Thumb Code    26  __scatter_copy.o(!!handler_copy)
    __scatterload_null                       0x0800016d   Thumb Code     2  __scatter.o(!!handler_null)
    __scatterload_zeroinit                   0x08000171   Thumb Code    28  __scatter_zi.o(!!handler_zi)
    _printf_f                                0x0800018d   Thumb Code     0  _printf_f.o(.ARM.Collect$$_printf_percent$$00000003)
    _printf_percent                          0x0800018d   Thumb Code     0  _printf_percent.o(.ARM.Collect$$_printf_percent$$00000000)
    _printf_d                                0x08000193   Thumb Code     0  _printf_d.o(.ARM.Collect$$_printf_percent$$00000009)
    _printf_percent_end                      0x08000199   Thumb Code     0  _printf_percent_end.o(.ARM.Collect$$_printf_percent$$00000017)
    __rt_lib_init                            0x0800019d   Thumb Code     0  libinit.o(.ARM.Collect$$libinit$$00000000)
    __rt_lib_init_fp_1                       0x0800019f   Thumb Code     0  libinit2.o(.ARM.Collect$$libinit$$00000002)
    __rt_lib_init_heap_1                     0x0800019f   Thumb Code     0  libinit2.o(.ARM.Collect$$libinit$$0000000C)
    __rt_lib_init_lc_common                  0x0800019f   Thumb Code     0  libinit2.o(.ARM.Collect$$libinit$$00000011)
    __rt_lib_init_preinit_1                  0x0800019f   Thumb Code     0  libinit2.o(.ARM.Collect$$libinit$$00000006)
    __rt_lib_init_rand_1                     0x0800019f   Thumb Code     0  libinit2.o(.ARM.Collect$$libinit$$00000010)
    __rt_lib_init_relocate_pie_1             0x0800019f   Thumb Code     0  libinit2.o(.ARM.Collect$$libinit$$00000004)
    __rt_lib_init_user_alloc_1               0x0800019f   Thumb Code     0  libinit2.o(.ARM.Collect$$libinit$$0000000E)
    __rt_lib_init_lc_collate_1               0x080001a5   Thumb Code     0  libinit2.o(.ARM.Collect$$libinit$$00000013)
    __rt_lib_init_lc_ctype_1                 0x080001a5   Thumb Code     0  libinit2.o(.ARM.Collect$$libinit$$00000015)
    __rt_lib_init_lc_monetary_1              0x080001a5   Thumb Code     0  libinit2.o(.ARM.Collect$$libinit$$00000017)
    __rt_lib_init_lc_numeric_2               0x080001a5   Thumb Code     0  libinit2.o(.ARM.Collect$$libinit$$00000018)
    __rt_lib_init_alloca_1                   0x080001af   Thumb Code     0  libinit2.o(.ARM.Collect$$libinit$$00000030)
    __rt_lib_init_argv_1                     0x080001af   Thumb Code     0  libinit2.o(.ARM.Collect$$libinit$$0000002E)
    __rt_lib_init_atexit_1                   0x080001af   Thumb Code     0  libinit2.o(.ARM.Collect$$libinit$$0000001D)
    __rt_lib_init_clock_1                    0x080001af   Thumb Code     0  libinit2.o(.ARM.Collect$$libinit$$00000023)
    __rt_lib_init_cpp_1                      0x080001af   Thumb Code     0  libinit2.o(.ARM.Collect$$libinit$$00000034)
    __rt_lib_init_exceptions_1               0x080001af   Thumb Code     0  libinit2.o(.ARM.Collect$$libinit$$00000032)
    __rt_lib_init_fp_trap_1                  0x080001af   Thumb Code     0  libinit2.o(.ARM.Collect$$libinit$$00000021)
    __rt_lib_init_getenv_1                   0x080001af   Thumb Code     0  libinit2.o(.ARM.Collect$$libinit$$00000025)
    __rt_lib_init_lc_numeric_1               0x080001af   Thumb Code     0  libinit2.o(.ARM.Collect$$libinit$$00000019)
    __rt_lib_init_lc_time_1                  0x080001af   Thumb Code     0  libinit2.o(.ARM.Collect$$libinit$$0000001B)
    __rt_lib_init_return                     0x080001af   Thumb Code     0  libinit2.o(.ARM.Collect$$libinit$$00000035)
    __rt_lib_init_signal_1                   0x080001af   Thumb Code     0  libinit2.o(.ARM.Collect$$libinit$$0000001F)
    __rt_lib_init_stdio_1                    0x080001af   Thumb Code     0  libinit2.o(.ARM.Collect$$libinit$$00000027)
    __rt_lib_shutdown                        0x080001b1   Thumb Code     0  libshutdown.o(.ARM.Collect$$libshutdown$$00000000)
    __rt_lib_shutdown_cpp_1                  0x080001b3   Thumb Code     0  libshutdown2.o(.ARM.Collect$$libshutdown$$00000002)
    __rt_lib_shutdown_fp_trap_1              0x080001b3   Thumb Code     0  libshutdown2.o(.ARM.Collect$$libshutdown$$00000007)
    __rt_lib_shutdown_heap_1                 0x080001b3   Thumb Code     0  libshutdown2.o(.ARM.Collect$$libshutdown$$0000000F)
    __rt_lib_shutdown_return                 0x080001b3   Thumb Code     0  libshutdown2.o(.ARM.Collect$$libshutdown$$00000010)
    __rt_lib_shutdown_signal_1               0x080001b3   Thumb Code     0  libshutdown2.o(.ARM.Collect$$libshutdown$$0000000A)
    __rt_lib_shutdown_stdio_1                0x080001b3   Thumb Code     0  libshutdown2.o(.ARM.Collect$$libshutdown$$00000004)
    __rt_lib_shutdown_user_alloc_1           0x080001b3   Thumb Code     0  libshutdown2.o(.ARM.Collect$$libshutdown$$0000000C)
    __rt_entry                               0x080001b5   Thumb Code     0  __rtentry.o(.ARM.Collect$$rtentry$$00000000)
    __rt_entry_presh_1                       0x080001b5   Thumb Code     0  __rtentry2.o(.ARM.Collect$$rtentry$$00000002)
    __rt_entry_sh                            0x080001b5   Thumb Code     0  __rtentry4.o(.ARM.Collect$$rtentry$$00000004)
    __rt_entry_li                            0x080001bb   Thumb Code     0  __rtentry2.o(.ARM.Collect$$rtentry$$0000000A)
    __rt_entry_postsh_1                      0x080001bb   Thumb Code     0  __rtentry2.o(.ARM.Collect$$rtentry$$00000009)
    __rt_entry_main                          0x080001bf   Thumb Code     0  __rtentry2.o(.ARM.Collect$$rtentry$$0000000D)
    __rt_entry_postli_1                      0x080001bf   Thumb Code     0  __rtentry2.o(.ARM.Collect$$rtentry$$0000000C)
    __rt_exit                                0x080001c7   Thumb Code     0  rtexit.o(.ARM.Collect$$rtexit$$00000000)
    __rt_exit_ls                             0x080001c9   Thumb Code     0  rtexit2.o(.ARM.Collect$$rtexit$$00000003)
    __rt_exit_prels_1                        0x080001c9   Thumb Code     0  rtexit2.o(.ARM.Collect$$rtexit$$00000002)
    __rt_exit_exit                           0x080001cd   Thumb Code     0  rtexit2.o(.ARM.Collect$$rtexit$$00000004)
    Reset_Handler                            0x080001d5   Thumb Code     8  startup_stm32f103xb.o(.text)
    ADC1_2_IRQHandler                        0x080001ef   Thumb Code     0  startup_stm32f103xb.o(.text)
    CAN1_RX1_IRQHandler                      0x080001ef   Thumb Code     0  startup_stm32f103xb.o(.text)
    CAN1_SCE_IRQHandler                      0x080001ef   Thumb Code     0  startup_stm32f103xb.o(.text)
    DMA1_Channel1_IRQHandler                 0x080001ef   Thumb Code     0  startup_stm32f103xb.o(.text)
    DMA1_Channel2_IRQHandler                 0x080001ef   Thumb Code     0  startup_stm32f103xb.o(.text)
    DMA1_Channel3_IRQHandler                 0x080001ef   Thumb Code     0  startup_stm32f103xb.o(.text)
    DMA1_Channel4_IRQHandler                 0x080001ef   Thumb Code     0  startup_stm32f103xb.o(.text)
    DMA1_Channel5_IRQHandler                 0x080001ef   Thumb Code     0  startup_stm32f103xb.o(.text)
    DMA1_Channel6_IRQHandler                 0x080001ef   Thumb Code     0  startup_stm32f103xb.o(.text)
    DMA1_Channel7_IRQHandler                 0x080001ef   Thumb Code     0  startup_stm32f103xb.o(.text)
    EXTI0_IRQHandler                         0x080001ef   Thumb Code     0  startup_stm32f103xb.o(.text)
    EXTI15_10_IRQHandler                     0x080001ef   Thumb Code     0  startup_stm32f103xb.o(.text)
    EXTI1_IRQHandler                         0x080001ef   Thumb Code     0  startup_stm32f103xb.o(.text)
    EXTI3_IRQHandler                         0x080001ef   Thumb Code     0  startup_stm32f103xb.o(.text)
    EXTI4_IRQHandler                         0x080001ef   Thumb Code     0  startup_stm32f103xb.o(.text)
    FLASH_IRQHandler                         0x080001ef   Thumb Code     0  startup_stm32f103xb.o(.text)
    I2C1_ER_IRQHandler                       0x080001ef   Thumb Code     0  startup_stm32f103xb.o(.text)
    I2C1_EV_IRQHandler                       0x080001ef   Thumb Code     0  startup_stm32f103xb.o(.text)
    I2C2_ER_IRQHandler                       0x080001ef   Thumb Code     0  startup_stm32f103xb.o(.text)
    I2C2_EV_IRQHandler                       0x080001ef   Thumb Code     0  startup_stm32f103xb.o(.text)
    PVD_IRQHandler                           0x080001ef   Thumb Code     0  startup_stm32f103xb.o(.text)
    RCC_IRQHandler                           0x080001ef   Thumb Code     0  startup_stm32f103xb.o(.text)
    RTC_Alarm_IRQHandler                     0x080001ef   Thumb Code     0  startup_stm32f103xb.o(.text)
    RTC_IRQHandler                           0x080001ef   Thumb Code     0  startup_stm32f103xb.o(.text)
    SPI1_IRQHandler                          0x080001ef   Thumb Code     0  startup_stm32f103xb.o(.text)
    SPI2_IRQHandler                          0x080001ef   Thumb Code     0  startup_stm32f103xb.o(.text)
    TAMPER_IRQHandler                        0x080001ef   Thumb Code     0  startup_stm32f103xb.o(.text)
    TIM1_BRK_IRQHandler                      0x080001ef   Thumb Code     0  startup_stm32f103xb.o(.text)
    TIM1_CC_IRQHandler                       0x080001ef   Thumb Code     0  startup_stm32f103xb.o(.text)
    TIM1_TRG_COM_IRQHandler                  0x080001ef   Thumb Code     0  startup_stm32f103xb.o(.text)
    TIM1_UP_IRQHandler                       0x080001ef   Thumb Code     0  startup_stm32f103xb.o(.text)
    TIM2_IRQHandler                          0x080001ef   Thumb Code     0  startup_stm32f103xb.o(.text)
    TIM3_IRQHandler                          0x080001ef   Thumb Code     0  startup_stm32f103xb.o(.text)
    TIM4_IRQHandler                          0x080001ef   Thumb Code     0  startup_stm32f103xb.o(.text)
    USART1_IRQHandler                        0x080001ef   Thumb Code     0  startup_stm32f103xb.o(.text)
    USART2_IRQHandler                        0x080001ef   Thumb Code     0  startup_stm32f103xb.o(.text)
    USBWakeUp_IRQHandler                     0x080001ef   Thumb Code     0  startup_stm32f103xb.o(.text)
    USB_HP_CAN1_TX_IRQHandler                0x080001ef   Thumb Code     0  startup_stm32f103xb.o(.text)
    USB_LP_CAN1_RX0_IRQHandler               0x080001ef   Thumb Code     0  startup_stm32f103xb.o(.text)
    WWDG_IRQHandler                          0x080001ef   Thumb Code     0  startup_stm32f103xb.o(.text)
    __user_initial_stackheap                 0x080001f1   Thumb Code     0  startup_stm32f103xb.o(.text)
    __aeabi_ldivmod                          0x08000215   Thumb Code     0  llsdiv.o(.text)
    _ll_sdiv                                 0x08000215   Thumb Code   116  llsdiv.o(.text)
    __2sprintf                               0x08000289   Thumb Code    34  noretval__2sprintf.o(.text)
    _printf_int_dec                          0x080002b1   Thumb Code   104  _printf_dec.o(.text)
    __printf                                 0x08000329   Thumb Code   270  __printf_wp.o(.text)
    memcmp                                   0x08000437   Thumb Code    88  memcmp.o(.text)
    __use_two_region_memory                  0x0800048f   Thumb Code     2  heapauxi.o(.text)
    __rt_heap_escrow$2region                 0x08000491   Thumb Code     2  heapauxi.o(.text)
    __rt_heap_expand$2region                 0x08000493   Thumb Code     2  heapauxi.o(.text)
    __aeabi_uldivmod                         0x08000495   Thumb Code     0  lludivv7m.o(.text)
    _ll_udiv                                 0x08000495   Thumb Code   240  lludivv7m.o(.text)
    __read_errno                             0x08000585   Thumb Code    10  _rserrno.o(.text)
    __set_errno                              0x0800058f   Thumb Code    12  _rserrno.o(.text)
    _printf_int_common                       0x0800059b   Thumb Code   178  _printf_intcommon.o(.text)
    _printf_fp_dec_real                      0x080007fd   Thumb Code   620  _printf_fp_dec.o(.text)
    _printf_char_common                      0x08000a73   Thumb Code    32  _printf_char_common.o(.text)
    _sputc                                   0x08000a99   Thumb Code    10  _sputc.o(.text)
    __rt_locale                              0x08000aa5   Thumb Code     8  rt_locale_intlibspace.o(.text)
    __aeabi_errno_addr                       0x08000aad   Thumb Code     8  rt_errno_addr_intlibspace.o(.text)
    __errno$intlibspace                      0x08000aad   Thumb Code     0  rt_errno_addr_intlibspace.o(.text)
    __rt_errno_addr$intlibspace              0x08000aad   Thumb Code     0  rt_errno_addr_intlibspace.o(.text)
    _ll_udiv10                               0x08000ab5   Thumb Code   138  lludiv10.o(.text)
    _printf_fp_infnan                        0x08000b41   Thumb Code   112  _printf_fp_infnan.o(.text)
    _btod_etento                             0x08000bc1   Thumb Code   224  bigflt0.o(.text)
    __user_libspace                          0x08000ca5   Thumb Code     8  libspace.o(.text)
    __user_perproc_libspace                  0x08000ca5   Thumb Code     0  libspace.o(.text)
    __user_perthread_libspace                0x08000ca5   Thumb Code     0  libspace.o(.text)
    __user_setup_stackheap                   0x08000cad   Thumb Code    74  sys_stackheap_outer.o(.text)
    exit                                     0x08000cf7   Thumb Code    18  exit.o(.text)
    strcmp                                   0x08000d09   Thumb Code   128  strcmpv7m.o(.text)
    _sys_exit                                0x08000d89   Thumb Code     8  sys_exit.o(.text)
    __I$use$semihosting                      0x08000d95   Thumb Code     0  use_no_semi.o(.text)
    __use_no_semihosting_swi                 0x08000d95   Thumb Code     2  use_no_semi.o(.text)
    __semihosting_library_function           0x08000d97   Thumb Code     0  indicate_semi.o(.text)
    BusFault_Handler                         0x08000d99   Thumb Code     2  stm32f1xx_it.o(.text.BusFault_Handler)
    Control                                  0x08000d9d   Thumb Code   484  pid.o(.text.Control)
    DebugMon_Handler                         0x08000f81   Thumb Code     2  stm32f1xx_it.o(.text.DebugMon_Handler)
    EXTI2_IRQHandler                         0x08000f85   Thumb Code     6  stm32f1xx_it.o(.text.EXTI2_IRQHandler)
    EXTI9_5_IRQHandler                       0x08000f8d   Thumb Code     6  stm32f1xx_it.o(.text.EXTI9_5_IRQHandler)
    Error_Handler                            0x08000f95   Thumb Code    10  main.o(.text.Error_Handler)
    GET_Distance                             0x08000fa1   Thumb Code    86  sr04.o(.text.GET_Distance)
    HAL_DMA_Abort                            0x08000ff9   Thumb Code    70  stm32f1xx_hal_dma.o(.text.HAL_DMA_Abort)
    HAL_DMA_Abort_IT                         0x08001041   Thumb Code   180  stm32f1xx_hal_dma.o(.text.HAL_DMA_Abort_IT)
    HAL_Delay                                0x080010f5   Thumb Code    40  stm32f1xx_hal.o(.text.HAL_Delay)
    HAL_GPIO_EXTI_Callback                   0x0800111d   Thumb Code   122  sr04.o(.text.HAL_GPIO_EXTI_Callback)
    HAL_GPIO_EXTI_IRQHandler                 0x08001199   Thumb Code    22  stm32f1xx_hal_gpio.o(.text.HAL_GPIO_EXTI_IRQHandler)
    HAL_GPIO_Init                            0x080011b1   Thumb Code   526  stm32f1xx_hal_gpio.o(.text.HAL_GPIO_Init)
    HAL_GPIO_ReadPin                         0x080013c1   Thumb Code    10  stm32f1xx_hal_gpio.o(.text.HAL_GPIO_ReadPin)
    HAL_GPIO_WritePin                        0x080013cd   Thumb Code    10  stm32f1xx_hal_gpio.o(.text.HAL_GPIO_WritePin)
    HAL_GetTick                              0x080013d9   Thumb Code    12  stm32f1xx_hal.o(.text.HAL_GetTick)
    HAL_I2C_Init                             0x080013e5   Thumb Code   356  stm32f1xx_hal_i2c.o(.text.HAL_I2C_Init)
    HAL_I2C_Mem_Write                        0x08001549   Thumb Code   348  stm32f1xx_hal_i2c.o(.text.HAL_I2C_Mem_Write)
    HAL_I2C_MspInit                          0x080016a5   Thumb Code   122  i2c.o(.text.HAL_I2C_MspInit)
    HAL_IncTick                              0x08001721   Thumb Code    26  stm32f1xx_hal.o(.text.HAL_IncTick)
    HAL_Init                                 0x0800173d   Thumb Code    38  stm32f1xx_hal.o(.text.HAL_Init)
    HAL_InitTick                             0x08001765   Thumb Code    72  stm32f1xx_hal.o(.text.HAL_InitTick)
    HAL_MspInit                              0x080017ad   Thumb Code    66  stm32f1xx_hal_msp.o(.text.HAL_MspInit)
    HAL_NVIC_EnableIRQ                       0x080017f1   Thumb Code    34  stm32f1xx_hal_cortex.o(.text.HAL_NVIC_EnableIRQ)
    HAL_NVIC_SetPriority                     0x08001815   Thumb Code    86  stm32f1xx_hal_cortex.o(.text.HAL_NVIC_SetPriority)
    HAL_NVIC_SetPriorityGrouping             0x0800186d   Thumb Code    32  stm32f1xx_hal_cortex.o(.text.HAL_NVIC_SetPriorityGrouping)
    HAL_RCC_ClockConfig                      0x0800188d   Thumb Code   450  stm32f1xx_hal_rcc.o(.text.HAL_RCC_ClockConfig)
    HAL_RCC_GetPCLK1Freq                     0x08001a51   Thumb Code    38  stm32f1xx_hal_rcc.o(.text.HAL_RCC_GetPCLK1Freq)
    HAL_RCC_GetPCLK2Freq                     0x08001a79   Thumb Code    38  stm32f1xx_hal_rcc.o(.text.HAL_RCC_GetPCLK2Freq)
    HAL_RCC_OscConfig                        0x08001aa1   Thumb Code  1024  stm32f1xx_hal_rcc.o(.text.HAL_RCC_OscConfig)
    HAL_SYSTICK_Config                       0x08001ea1   Thumb Code    44  stm32f1xx_hal_cortex.o(.text.HAL_SYSTICK_Config)
    HAL_TIMEx_ConfigBreakDeadTime            0x08001ecd   Thumb Code    80  stm32f1xx_hal_tim_ex.o(.text.HAL_TIMEx_ConfigBreakDeadTime)
    HAL_TIMEx_MasterConfigSynchronization    0x08001f1d   Thumb Code   126  stm32f1xx_hal_tim_ex.o(.text.HAL_TIMEx_MasterConfigSynchronization)
    HAL_TIM_Base_Init                        0x08001f9d   Thumb Code   236  stm32f1xx_hal_tim.o(.text.HAL_TIM_Base_Init)
    HAL_TIM_Base_MspInit                     0x08002089   Thumb Code    48  tim.o(.text.HAL_TIM_Base_MspInit)
    HAL_TIM_Base_Start                       0x080020b9   Thumb Code   102  stm32f1xx_hal_tim.o(.text.HAL_TIM_Base_Start)
    HAL_TIM_Base_Stop                        0x08002121   Thumb Code    52  stm32f1xx_hal_tim.o(.text.HAL_TIM_Base_Stop)
    HAL_TIM_ConfigClockSource                0x08002155   Thumb Code   416  stm32f1xx_hal_tim.o(.text.HAL_TIM_ConfigClockSource)
    HAL_TIM_Encoder_Init                     0x080022f5   Thumb Code   332  stm32f1xx_hal_tim.o(.text.HAL_TIM_Encoder_Init)
    HAL_TIM_Encoder_MspInit                  0x08002441   Thumb Code   168  tim.o(.text.HAL_TIM_Encoder_MspInit)
    HAL_TIM_Encoder_Start                    0x080024e9   Thumb Code   188  stm32f1xx_hal_tim.o(.text.HAL_TIM_Encoder_Start)
    HAL_TIM_PWM_ConfigChannel                0x080025a5   Thumb Code   510  stm32f1xx_hal_tim.o(.text.HAL_TIM_PWM_ConfigChannel)
    HAL_TIM_PWM_Init                         0x080027a5   Thumb Code   236  stm32f1xx_hal_tim.o(.text.HAL_TIM_PWM_Init)
    HAL_TIM_PWM_MspInit                      0x08002891   Thumb Code    48  tim.o(.text.HAL_TIM_PWM_MspInit)
    HAL_TIM_PWM_Start                        0x080028c1   Thumb Code   218  stm32f1xx_hal_tim.o(.text.HAL_TIM_PWM_Start)
    HAL_UARTEx_RxEventCallback               0x0800299d   Thumb Code     2  stm32f1xx_hal_uart.o(.text.HAL_UARTEx_RxEventCallback)
    HAL_UART_ErrorCallback                   0x080029a1   Thumb Code     2  stm32f1xx_hal_uart.o(.text.HAL_UART_ErrorCallback)
    HAL_UART_IRQHandler                      0x080029a5   Thumb Code  1392  stm32f1xx_hal_uart.o(.text.HAL_UART_IRQHandler)
    HAL_UART_Init                            0x08002f15   Thumb Code   226  stm32f1xx_hal_uart.o(.text.HAL_UART_Init)
    HAL_UART_MspInit                         0x08002ff9   Thumb Code   138  usart.o(.text.HAL_UART_MspInit)
    HAL_UART_Receive_IT                      0x08003085   Thumb Code    84  stm32f1xx_hal_uart.o(.text.HAL_UART_Receive_IT)
    HAL_UART_RxCpltCallback                  0x080030d9   Thumb Code     2  stm32f1xx_hal_uart.o(.text.HAL_UART_RxCpltCallback)
    HAL_UART_TxCpltCallback                  0x080030dd   Thumb Code     2  stm32f1xx_hal_uart.o(.text.HAL_UART_TxCpltCallback)
    HardFault_Handler                        0x080030e1   Thumb Code     2  stm32f1xx_it.o(.text.HardFault_Handler)
    IIC_GPIO_Init                            0x080035c9   Thumb Code    92  iic.o(.text.IIC_GPIO_Init)
    IIC_Read_Byte                            0x08003625   Thumb Code   432  iic.o(.text.IIC_Read_Byte)
    IIC_Send_Byte                            0x080037d5   Thumb Code   280  iic.o(.text.IIC_Send_Byte)
    IIC_Start                                0x080038ed   Thumb Code    54  iic.o(.text.IIC_Start)
    IIC_Stop                                 0x08003925   Thumb Code    44  iic.o(.text.IIC_Stop)
    IIC_Wait_Ack                             0x08003951   Thumb Code    64  iic.o(.text.IIC_Wait_Ack)
    Limit                                    0x08003991   Thumb Code    64  motor.o(.text.Limit)
    Load                                     0x080039d1   Thumb Code   142  motor.o(.text.Load)
    MPU_Get_Accelerometer                    0x08003a61   Thumb Code    66  mpu6050.o(.text.MPU_Get_Accelerometer)
    MPU_Get_Gyroscope                        0x08003aa5   Thumb Code    66  mpu6050.o(.text.MPU_Get_Gyroscope)
    MPU_Init                                 0x08003ae9   Thumb Code   188  mpu6050.o(.text.MPU_Init)
    MPU_Read_Len                             0x08003ba5   Thumb Code   112  mpu6050.o(.text.MPU_Read_Len)
    MPU_Write_Byte                           0x08003c15   Thumb Code    68  mpu6050.o(.text.MPU_Write_Byte)
    MPU_Write_Len                            0x08003c59   Thumb Code    88  mpu6050.o(.text.MPU_Write_Len)
    MX_GPIO_Init                             0x08003cb1   Thumb Code   246  gpio.o(.text.MX_GPIO_Init)
    MX_I2C1_Init                             0x08003da9   Thumb Code    66  i2c.o(.text.MX_I2C1_Init)
    MX_TIM1_Init                             0x08003ded   Thumb Code   288  tim.o(.text.MX_TIM1_Init)
    MX_TIM2_Init                             0x08003f0d   Thumb Code   100  tim.o(.text.MX_TIM2_Init)
    MX_TIM3_Init                             0x08003f71   Thumb Code   116  tim.o(.text.MX_TIM3_Init)
    MX_TIM4_Init                             0x08003fe5   Thumb Code   104  tim.o(.text.MX_TIM4_Init)
    MX_USART3_UART_Init                      0x0800404d   Thumb Code    60  usart.o(.text.MX_USART3_UART_Init)
    MemManage_Handler                        0x08004089   Thumb Code     2  stm32f1xx_it.o(.text.MemManage_Handler)
    NMI_Handler                              0x0800408d   Thumb Code     2  stm32f1xx_it.o(.text.NMI_Handler)
    OLED_Clear                               0x08004091   Thumb Code   172  oled.o(.text.OLED_Clear)
    OLED_Init                                0x0800413d   Thumb Code    16  oled.o(.text.OLED_Init)
    OLED_ShowChar                            0x0800414d   Thumb Code   936  oled.o(.text.OLED_ShowChar)
    OLED_ShowString                          0x080044f5   Thumb Code    64  oled.o(.text.OLED_ShowString)
    PendSV_Handler                           0x08004535   Thumb Code     2  stm32f1xx_it.o(.text.PendSV_Handler)
    Read_Speed                               0x08004539   Thumb Code    12  encoder.o(.text.Read_Speed)
    SVC_Handler                              0x08004545   Thumb Code     2  stm32f1xx_it.o(.text.SVC_Handler)
    SysTick_Handler                          0x08004549   Thumb Code     4  stm32f1xx_it.o(.text.SysTick_Handler)
    SystemInit                               0x0800454d   Thumb Code     2  system_stm32f1xx.o(.text.SystemInit)
    USART3_IRQHandler                        0x0800465d   Thumb Code   100  stm32f1xx_it.o(.text.USART3_IRQHandler)
    UsageFault_Handler                       0x080046e1   Thumb Code     2  stm32f1xx_it.o(.text.UsageFault_Handler)
    Velocity                                 0x080046e5   Thumb Code   194  pid.o(.text.Velocity)
    WriteCmd                                 0x080047a9   Thumb Code   606  oled.o(.text.WriteCmd)
    dmp_enable_feature                       0x08004a09   Thumb Code   672  inv_mpu_dmp_motion_driver.o(.text.dmp_enable_feature)
    dmp_load_motion_driver_firmware          0x08004ca9   Thumb Code    22  inv_mpu_dmp_motion_driver.o(.text.dmp_load_motion_driver_firmware)
    dmp_read_fifo                            0x08004cc1   Thumb Code   460  inv_mpu_dmp_motion_driver.o(.text.dmp_read_fifo)
    dmp_set_accel_bias                       0x08004e8d   Thumb Code   192  inv_mpu_dmp_motion_driver.o(.text.dmp_set_accel_bias)
    dmp_set_fifo_rate                        0x08004f4d   Thumb Code   112  inv_mpu_dmp_motion_driver.o(.text.dmp_set_fifo_rate)
    dmp_set_gyro_bias                        0x08004fbd   Thumb Code   224  inv_mpu_dmp_motion_driver.o(.text.dmp_set_gyro_bias)
    dmp_set_orientation                      0x0800509d   Thumb Code   232  inv_mpu_dmp_motion_driver.o(.text.dmp_set_orientation)
    dmp_set_tap_thresh                       0x08005185   Thumb Code   298  inv_mpu_dmp_motion_driver.o(.text.dmp_set_tap_thresh)
    inv_orientation_matrix_to_scalar         0x080055e5   Thumb Code   220  inv_mpu.o(.text.inv_orientation_matrix_to_scalar)
    main                                     0x080056c1   Thumb Code   424  main.o(.text.main)
    mget_ms                                  0x080058b5   Thumb Code     2  inv_mpu.o(.text.mget_ms)
    mpu_configure_fifo                       0x080058b9   Thumb Code   164  inv_mpu.o(.text.mpu_configure_fifo)
    mpu_dmp_get_data                         0x0800595d   Thumb Code   476  inv_mpu.o(.text.mpu_dmp_get_data)
    mpu_dmp_init                             0x08005b39   Thumb Code   246  inv_mpu.o(.text.mpu_dmp_init)
    mpu_get_accel_fsr                        0x08005c31   Thumb Code    54  inv_mpu.o(.text.mpu_get_accel_fsr)
    mpu_get_accel_sens                       0x08005c69   Thumb Code    48  inv_mpu.o(.text.mpu_get_accel_sens)
    mpu_init                                 0x08005ca9   Thumb Code   326  inv_mpu.o(.text.mpu_init)
    mpu_load_firmware                        0x08005df1   Thumb Code   326  inv_mpu.o(.text.mpu_load_firmware)
    mpu_lp_accel_mode                        0x08005f39   Thumb Code   556  inv_mpu.o(.text.mpu_lp_accel_mode)
    mpu_read_fifo_stream                     0x08006165   Thumb Code   190  inv_mpu.o(.text.mpu_read_fifo_stream)
    mpu_reset_fifo                           0x08006225   Thumb Code   378  inv_mpu.o(.text.mpu_reset_fifo)
    mpu_run_self_test                        0x080063a1   Thumb Code  2316  inv_mpu.o(.text.mpu_run_self_test)
    mpu_set_accel_fsr                        0x08006ccd   Thumb Code   154  inv_mpu.o(.text.mpu_set_accel_fsr)
    mpu_set_bypass                           0x08006d69   Thumb Code   238  inv_mpu.o(.text.mpu_set_bypass)
    mpu_set_dmp_state                        0x08006e59   Thumb Code   224  inv_mpu.o(.text.mpu_set_dmp_state)
    mpu_set_lpf                              0x08006f39   Thumb Code   156  inv_mpu.o(.text.mpu_set_lpf)
    mpu_set_sample_rate                      0x08006fd5   Thumb Code   322  inv_mpu.o(.text.mpu_set_sample_rate)
    mpu_set_sensors                          0x08007119   Thumb Code   234  inv_mpu.o(.text.mpu_set_sensors)
    mpu_write_mem                            0x08007205   Thumb Code   100  inv_mpu.o(.text.mpu_write_mem)
    run_self_test                            0x08007269   Thumb Code   212  inv_mpu.o(.text.run_self_test)
    _btod_d2e                                0x0800735d   Thumb Code    62  btod.o(CL$$btod_d2e)
    _d2e_denorm_low                          0x0800739b   Thumb Code    70  btod.o(CL$$btod_d2e_denorm_low)
    _d2e_norm_op1                            0x080073e1   Thumb Code    96  btod.o(CL$$btod_d2e_norm_op1)
    __btod_div_common                        0x08007441   Thumb Code   696  btod.o(CL$$btod_div_common)
    _e2e                                     0x08007779   Thumb Code   220  btod.o(CL$$btod_e2e)
    _btod_ediv                               0x08007855   Thumb Code    42  btod.o(CL$$btod_ediv)
    _btod_emul                               0x0800787f   Thumb Code    42  btod.o(CL$$btod_emul)
    __btod_mult_common                       0x080078a9   Thumb Code   580  btod.o(CL$$btod_mult_common)
    __ARM_fpclassify                         0x08007aed   Thumb Code    40  fpclassify.o(i.__ARM_fpclassify)
    __kernel_poly                            0x08007b15   Thumb Code   170  poly.o(i.__kernel_poly)
    __mathlib_dbl_infnan                     0x08007bbf   Thumb Code     6  dunder.o(i.__mathlib_dbl_infnan)
    __mathlib_dbl_infnan2                    0x08007bc5   Thumb Code     4  dunder.o(i.__mathlib_dbl_infnan2)
    __mathlib_dbl_invalid                    0x08007bc9   Thumb Code    12  dunder.o(i.__mathlib_dbl_invalid)
    __mathlib_dbl_underflow                  0x08007bd5   Thumb Code    10  dunder.o(i.__mathlib_dbl_underflow)
    _is_digit                                0x08007be5   Thumb Code    14  __printf_wp.o(i._is_digit)
    asin                                     0x08007bf5   Thumb Code   572  asin.o(i.asin)
    atan                                     0x08007e65   Thumb Code   474  atan.o(i.atan)
    atan2                                    0x08008085   Thumb Code   374  atan2.o(i.atan2)
    sqrt                                     0x08008221   Thumb Code    76  sqrt.o(i.sqrt)
    _get_lc_numeric                          0x0800826d   Thumb Code    44  lc_numeric_c.o(locale$$code)
    __aeabi_d2f                              0x08008299   Thumb Code     0  d2f.o(x$fpl$d2f)
    _d2f                                     0x08008299   Thumb Code    98  d2f.o(x$fpl$d2f)
    __aeabi_dadd                             0x080082fd   Thumb Code     0  daddsub_clz.o(x$fpl$dadd)
    _dadd                                    0x080082fd   Thumb Code   332  daddsub_clz.o(x$fpl$dadd)
    __fpl_dcheck_NaN1                        0x0800844d   Thumb Code    10  dcheck1.o(x$fpl$dcheck1)
    __fpl_dcmp_Inf                           0x0800845d   Thumb Code    24  dcmpi.o(x$fpl$dcmpinf)
    __aeabi_ddiv                             0x08008475   Thumb Code     0  ddiv.o(x$fpl$ddiv)
    _ddiv                                    0x08008475   Thumb Code   556  ddiv.o(x$fpl$ddiv)
    __aeabi_cdcmpeq                          0x08008729   Thumb Code     0  deqf.o(x$fpl$deqf)
    _dcmpeq                                  0x08008729   Thumb Code   120  deqf.o(x$fpl$deqf)
    __aeabi_i2d                              0x080087a1   Thumb Code     0  dflt_clz.o(x$fpl$dflt)
    _dflt                                    0x080087a1   Thumb Code    46  dflt_clz.o(x$fpl$dflt)
    __aeabi_dmul                             0x080087d1   Thumb Code     0  dmul.o(x$fpl$dmul)
    _dmul                                    0x080087d1   Thumb Code   332  dmul.o(x$fpl$dmul)
    __fpl_dnaninf                            0x08008925   Thumb Code   156  dnaninf.o(x$fpl$dnaninf)
    __fpl_dretinf                            0x080089c1   Thumb Code    12  dretinf.o(x$fpl$dretinf)
    __aeabi_drsub                            0x080089cd   Thumb Code     0  daddsub_clz.o(x$fpl$drsb)
    _drsb                                    0x080089cd   Thumb Code    22  daddsub_clz.o(x$fpl$drsb)
    _dsqrt                                   0x080089e5   Thumb Code   456  dsqrt_noumaal.o(x$fpl$dsqrt)
    __aeabi_dsub                             0x08008bb1   Thumb Code     0  daddsub_clz.o(x$fpl$dsub)
    _dsub                                    0x08008bb1   Thumb Code   472  daddsub_clz.o(x$fpl$dsub)
    __aeabi_f2d                              0x08008d8d   Thumb Code     0  f2d.o(x$fpl$f2d)
    _f2d                                     0x08008d8d   Thumb Code    86  f2d.o(x$fpl$f2d)
    __aeabi_fadd                             0x08008de5   Thumb Code     0  faddsub_clz.o(x$fpl$fadd)
    _fadd                                    0x08008de5   Thumb Code   196  faddsub_clz.o(x$fpl$fadd)
    __aeabi_fcmpeq                           0x08008ea9   Thumb Code     0  fcmp.o(x$fpl$fcmp)
    _feq                                     0x08008ea9   Thumb Code    14  fcmp.o(x$fpl$fcmp)
    _fneq                                    0x08008eb7   Thumb Code    14  fcmp.o(x$fpl$fcmp)
    __aeabi_fcmpgt                           0x08008ec5   Thumb Code     0  fcmp.o(x$fpl$fcmp)
    _fgr                                     0x08008ec5   Thumb Code    14  fcmp.o(x$fpl$fcmp)
    __aeabi_fcmpge                           0x08008ed3   Thumb Code     0  fcmp.o(x$fpl$fcmp)
    _fgeq                                    0x08008ed3   Thumb Code    14  fcmp.o(x$fpl$fcmp)
    __aeabi_fcmple                           0x08008ee1   Thumb Code     0  fcmp.o(x$fpl$fcmp)
    _fleq                                    0x08008ee1   Thumb Code    14  fcmp.o(x$fpl$fcmp)
    __aeabi_fcmplt                           0x08008eef   Thumb Code     0  fcmp.o(x$fpl$fcmp)
    _fls                                     0x08008eef   Thumb Code    14  fcmp.o(x$fpl$fcmp)
    __fpl_fcmp_Inf                           0x08008efd   Thumb Code    24  fcmpi.o(x$fpl$fcmpinf)
    __aeabi_fdiv                             0x08008f15   Thumb Code     0  fdiv.o(x$fpl$fdiv)
    _fdiv                                    0x08008f15   Thumb Code   384  fdiv.o(x$fpl$fdiv)
    __aeabi_cfcmpeq                          0x08009099   Thumb Code     0  feqf.o(x$fpl$feqf)
    _fcmpeq                                  0x08009099   Thumb Code   104  feqf.o(x$fpl$feqf)
    __aeabi_f2iz                             0x08009101   Thumb Code     0  ffix.o(x$fpl$ffix)
    _ffix                                    0x08009101   Thumb Code    54  ffix.o(x$fpl$ffix)
    __aeabi_i2f                              0x08009139   Thumb Code     0  fflt_clz.o(x$fpl$fflt)
    _fflt                                    0x08009139   Thumb Code    48  fflt_clz.o(x$fpl$fflt)
    __aeabi_ui2f                             0x08009169   Thumb Code     0  fflt_clz.o(x$fpl$ffltu)
    _ffltu                                   0x08009169   Thumb Code    38  fflt_clz.o(x$fpl$ffltu)
    _fcmpge                                  0x08009191   Thumb Code   104  fgeqf.o(x$fpl$fgeqf)
    __aeabi_cfcmple                          0x080091f9   Thumb Code     0  fleqf.o(x$fpl$fleqf)
    _fcmple                                  0x080091f9   Thumb Code   104  fleqf.o(x$fpl$fleqf)
    __fpl_fcmple_InfNaN                      0x0800924b   Thumb Code     0  fleqf.o(x$fpl$fleqf)
    __aeabi_fmul                             0x08009261   Thumb Code     0  fmul.o(x$fpl$fmul)
    _fmul                                    0x08009261   Thumb Code   258  fmul.o(x$fpl$fmul)
    __fpl_fnaninf                            0x08009363   Thumb Code   140  fnaninf.o(x$fpl$fnaninf)
    __fpl_fretinf                            0x080093ef   Thumb Code    10  fretinf.o(x$fpl$fretinf)
    __aeabi_fsub                             0x080093f9   Thumb Code     0  faddsub_clz.o(x$fpl$fsub)
    _fsub                                    0x080093f9   Thumb Code   234  faddsub_clz.o(x$fpl$fsub)
    _printf_fp_dec                           0x080094e3   Thumb Code     4  printf1.o(x$fpl$printf1)
    __fpl_return_NaN                         0x080094e7   Thumb Code   100  retnan.o(x$fpl$retnan)
    __ARM_scalbn                             0x0800954b   Thumb Code    92  scalbn.o(x$fpl$scalbn)
    __fpl_cmpreturn                          0x080095a7   Thumb Code    48  trapv.o(x$fpl$trapveneer)
    __I$use$fp                               0x080095d6   Number         0  usenofp.o(x$fpl$usenofp)
    __mathlib_zero                           0x080096c0   Data           8  qnan.o(.constdata)
    AHBPrescTable                            0x08009762   Data          16  system_stm32f1xx.o(.rodata.AHBPrescTable)
    APBPrescTable                            0x08009772   Data           8  system_stm32f1xx.o(.rodata.APBPrescTable)
    F6x8                                     0x0800977a   Data         552  oled.o(.rodata.F6x8)
    F8X16                                    0x080099a2   Data        1504  oled.o(.rodata.F8X16)
    hw                                       0x0800ab92   Data          12  inv_mpu.o(.rodata.hw)
    reg                                      0x0800ab9e   Data          27  inv_mpu.o(.rodata.reg)
    test                                     0x0800abbc   Data          40  inv_mpu.o(.rodata.test)
    Region$$Table$$Base                      0x0800abe4   Number         0  anon$$obj.o(Region$$Table)
    Region$$Table$$Limit                     0x0800ac04   Number         0  anon$$obj.o(Region$$Table)
    Med_Angle                                0x20000038   Data           4  pid.o(.data..L_MergedGlobals)
    Vertical_Kp                              0x2000003c   Data           4  pid.o(.data..L_MergedGlobals)
    Vertical_Kd                              0x20000040   Data           4  pid.o(.data..L_MergedGlobals)
    Velocity_Kp                              0x20000044   Data           4  pid.o(.data..L_MergedGlobals)
    Velocity_Ki                              0x20000048   Data           4  pid.o(.data..L_MergedGlobals)
    Turn_Kp                                  0x2000004c   Data           4  pid.o(.data..L_MergedGlobals)
    Turn_Kd                                  0x20000050   Data           4  pid.o(.data..L_MergedGlobals)
    uwTickFreq                               0x20000054   Data           1  stm32f1xx_hal.o(.data..L_MergedGlobals)
    uwTickPrio                               0x20000058   Data           4  stm32f1xx_hal.o(.data..L_MergedGlobals)
    CMD_Data                                 0x2000005c   Data          27  oled.o(.data.CMD_Data)
    SystemCoreClock                          0x20000078   Data           4  system_stm32f1xx.o(.data.SystemCoreClock)
    __libspace_start                         0x20000080   Data          96  libspace.o(.bss)
    __temporary_stack_top$libspace           0x200000e0   Data           0  libspace.o(.bss)
    count                                    0x200000f0   Data           2  sr04.o(.bss..L_MergedGlobals)
    distance                                 0x200000f4   Data           4  sr04.o(.bss..L_MergedGlobals)
    Bluetooth_data                           0x200000f8   Data           1  stm32f1xx_it.o(.bss..L_MergedGlobals)
    Fore                                     0x200000f9   Data           1  stm32f1xx_it.o(.bss..L_MergedGlobals)
    Back                                     0x200000fa   Data           1  stm32f1xx_it.o(.bss..L_MergedGlobals)
    Left                                     0x200000fb   Data           1  stm32f1xx_it.o(.bss..L_MergedGlobals)
    Right                                    0x200000fc   Data           1  stm32f1xx_it.o(.bss..L_MergedGlobals)
    rx_buf                                   0x200000fd   Data           2  stm32f1xx_it.o(.bss..L_MergedGlobals)
    stop                                     0x20000100   Data           1  pid.o(.bss..L_MergedGlobals.1)
    gyrox                                    0x20000102   Data           2  pid.o(.bss..L_MergedGlobals.1)
    gyroy                                    0x20000104   Data           2  pid.o(.bss..L_MergedGlobals.1)
    gyroz                                    0x20000106   Data           2  pid.o(.bss..L_MergedGlobals.1)
    aacx                                     0x20000108   Data           2  pid.o(.bss..L_MergedGlobals.1)
    aacy                                     0x2000010a   Data           2  pid.o(.bss..L_MergedGlobals.1)
    aacz                                     0x2000010c   Data           2  pid.o(.bss..L_MergedGlobals.1)
    Encoder_Left                             0x20000118   Data           4  pid.o(.bss..L_MergedGlobals.1)
    Encoder_Right                            0x2000011c   Data           4  pid.o(.bss..L_MergedGlobals.1)
    pitch                                    0x20000120   Data           4  pid.o(.bss..L_MergedGlobals.1)
    roll                                     0x20000124   Data           4  pid.o(.bss..L_MergedGlobals.1)
    yaw                                      0x20000128   Data           4  pid.o(.bss..L_MergedGlobals.1)
    Target_Speed                             0x2000012c   Data           4  pid.o(.bss..L_MergedGlobals.1)
    Target_turn                              0x20000130   Data           4  pid.o(.bss..L_MergedGlobals.1)
    Velocity_out                             0x20000134   Data           4  pid.o(.bss..L_MergedGlobals.1)
    Vertical_out                             0x20000138   Data           4  pid.o(.bss..L_MergedGlobals.1)
    Turn_out                                 0x2000013c   Data           4  pid.o(.bss..L_MergedGlobals.1)
    MOTO1                                    0x20000140   Data           4  pid.o(.bss..L_MergedGlobals.1)
    MOTO2                                    0x20000144   Data           4  pid.o(.bss..L_MergedGlobals.1)
    display_buf                              0x20000148   Data          20  main.o(.bss.display_buf)
    hi2c1                                    0x20000164   Data          84  i2c.o(.bss.hi2c1)
    htim1                                    0x200001b8   Data          72  tim.o(.bss.htim1)
    htim2                                    0x20000200   Data          72  tim.o(.bss.htim2)
    htim3                                    0x20000248   Data          72  tim.o(.bss.htim3)
    htim4                                    0x20000290   Data          72  tim.o(.bss.htim4)
    huart3                                   0x200002d8   Data          72  usart.o(.bss.huart3)
    uwTick                                   0x20000320   Data           4  stm32f1xx_hal.o(.bss.uwTick)



==============================================================================

Memory Map of the image

  Image Entry point : 0x080000ed

  Load Region LR_IROM1 (Base: 0x08000000, Size: 0x0000aca0, Max: 0x00010000, ABSOLUTE)

    Execution Region ER_IROM1 (Exec base: 0x08000000, Load base: 0x08000000, Size: 0x0000ac20, Max: 0x00010000, ABSOLUTE)

    Exec Addr    Load Addr    Size         Type   Attr      Idx    E Section Name        Object

    0x08000000   0x08000000   0x000000ec   Data   RO            3    RESET               startup_stm32f103xb.o
    0x080000ec   0x080000ec   0x00000008   Code   RO         1456  * !!!main             c_w.l(__main.o)
    0x080000f4   0x080000f4   0x0000005c   Code   RO         1816    !!!scatter          c_w.l(__scatter.o)
    0x08000150   0x08000150   0x0000001a   Code   RO         1820    !!handler_copy      c_w.l(__scatter_copy.o)
    0x0800016a   0x0800016a   0x00000002   PAD
    0x0800016c   0x0800016c   0x00000002   Code   RO         1817    !!handler_null      c_w.l(__scatter.o)
    0x0800016e   0x0800016e   0x00000002   PAD
    0x08000170   0x08000170   0x0000001c   Code   RO         1822    !!handler_zi        c_w.l(__scatter_zi.o)
    0x0800018c   0x0800018c   0x00000000   Code   RO         1451    .ARM.Collect$$_printf_percent$$00000000  c_w.l(_printf_percent.o)
    0x0800018c   0x0800018c   0x00000006   Code   RO         1450    .ARM.Collect$$_printf_percent$$00000003  c_w.l(_printf_f.o)
    0x08000192   0x08000192   0x00000006   Code   RO         1449    .ARM.Collect$$_printf_percent$$00000009  c_w.l(_printf_d.o)
    0x08000198   0x08000198   0x00000004   Code   RO         1534    .ARM.Collect$$_printf_percent$$00000017  c_w.l(_printf_percent_end.o)
    0x0800019c   0x0800019c   0x00000002   Code   RO         1675    .ARM.Collect$$libinit$$00000000  c_w.l(libinit.o)
    0x0800019e   0x0800019e   0x00000000   Code   RO         1677    .ARM.Collect$$libinit$$00000002  c_w.l(libinit2.o)
    0x0800019e   0x0800019e   0x00000000   Code   RO         1679    .ARM.Collect$$libinit$$00000004  c_w.l(libinit2.o)
    0x0800019e   0x0800019e   0x00000000   Code   RO         1681    .ARM.Collect$$libinit$$00000006  c_w.l(libinit2.o)
    0x0800019e   0x0800019e   0x00000000   Code   RO         1684    .ARM.Collect$$libinit$$0000000C  c_w.l(libinit2.o)
    0x0800019e   0x0800019e   0x00000000   Code   RO         1686    .ARM.Collect$$libinit$$0000000E  c_w.l(libinit2.o)
    0x0800019e   0x0800019e   0x00000000   Code   RO         1688    .ARM.Collect$$libinit$$00000010  c_w.l(libinit2.o)
    0x0800019e   0x0800019e   0x00000006   Code   RO         1689    .ARM.Collect$$libinit$$00000011  c_w.l(libinit2.o)
    0x080001a4   0x080001a4   0x00000000   Code   RO         1691    .ARM.Collect$$libinit$$00000013  c_w.l(libinit2.o)
    0x080001a4   0x080001a4   0x00000000   Code   RO         1693    .ARM.Collect$$libinit$$00000015  c_w.l(libinit2.o)
    0x080001a4   0x080001a4   0x00000000   Code   RO         1695    .ARM.Collect$$libinit$$00000017  c_w.l(libinit2.o)
    0x080001a4   0x080001a4   0x0000000a   Code   RO         1696    .ARM.Collect$$libinit$$00000018  c_w.l(libinit2.o)
    0x080001ae   0x080001ae   0x00000000   Code   RO         1697    .ARM.Collect$$libinit$$00000019  c_w.l(libinit2.o)
    0x080001ae   0x080001ae   0x00000000   Code   RO         1699    .ARM.Collect$$libinit$$0000001B  c_w.l(libinit2.o)
    0x080001ae   0x080001ae   0x00000000   Code   RO         1701    .ARM.Collect$$libinit$$0000001D  c_w.l(libinit2.o)
    0x080001ae   0x080001ae   0x00000000   Code   RO         1703    .ARM.Collect$$libinit$$0000001F  c_w.l(libinit2.o)
    0x080001ae   0x080001ae   0x00000000   Code   RO         1705    .ARM.Collect$$libinit$$00000021  c_w.l(libinit2.o)
    0x080001ae   0x080001ae   0x00000000   Code   RO         1707    .ARM.Collect$$libinit$$00000023  c_w.l(libinit2.o)
    0x080001ae   0x080001ae   0x00000000   Code   RO         1709    .ARM.Collect$$libinit$$00000025  c_w.l(libinit2.o)
    0x080001ae   0x080001ae   0x00000000   Code   RO         1711    .ARM.Collect$$libinit$$00000027  c_w.l(libinit2.o)
    0x080001ae   0x080001ae   0x00000000   Code   RO         1715    .ARM.Collect$$libinit$$0000002E  c_w.l(libinit2.o)
    0x080001ae   0x080001ae   0x00000000   Code   RO         1717    .ARM.Collect$$libinit$$00000030  c_w.l(libinit2.o)
    0x080001ae   0x080001ae   0x00000000   Code   RO         1719    .ARM.Collect$$libinit$$00000032  c_w.l(libinit2.o)
    0x080001ae   0x080001ae   0x00000000   Code   RO         1721    .ARM.Collect$$libinit$$00000034  c_w.l(libinit2.o)
    0x080001ae   0x080001ae   0x00000002   Code   RO         1722    .ARM.Collect$$libinit$$00000035  c_w.l(libinit2.o)
    0x080001b0   0x080001b0   0x00000002   Code   RO         1781    .ARM.Collect$$libshutdown$$00000000  c_w.l(libshutdown.o)
    0x080001b2   0x080001b2   0x00000000   Code   RO         1799    .ARM.Collect$$libshutdown$$00000002  c_w.l(libshutdown2.o)
    0x080001b2   0x080001b2   0x00000000   Code   RO         1801    .ARM.Collect$$libshutdown$$00000004  c_w.l(libshutdown2.o)
    0x080001b2   0x080001b2   0x00000000   Code   RO         1804    .ARM.Collect$$libshutdown$$00000007  c_w.l(libshutdown2.o)
    0x080001b2   0x080001b2   0x00000000   Code   RO         1807    .ARM.Collect$$libshutdown$$0000000A  c_w.l(libshutdown2.o)
    0x080001b2   0x080001b2   0x00000000   Code   RO         1809    .ARM.Collect$$libshutdown$$0000000C  c_w.l(libshutdown2.o)
    0x080001b2   0x080001b2   0x00000000   Code   RO         1812    .ARM.Collect$$libshutdown$$0000000F  c_w.l(libshutdown2.o)
    0x080001b2   0x080001b2   0x00000002   Code   RO         1813    .ARM.Collect$$libshutdown$$00000010  c_w.l(libshutdown2.o)
    0x080001b4   0x080001b4   0x00000000   Code   RO         1515    .ARM.Collect$$rtentry$$00000000  c_w.l(__rtentry.o)
    0x080001b4   0x080001b4   0x00000000   Code   RO         1583    .ARM.Collect$$rtentry$$00000002  c_w.l(__rtentry2.o)
    0x080001b4   0x080001b4   0x00000006   Code   RO         1595    .ARM.Collect$$rtentry$$00000004  c_w.l(__rtentry4.o)
    0x080001ba   0x080001ba   0x00000000   Code   RO         1585    .ARM.Collect$$rtentry$$00000009  c_w.l(__rtentry2.o)
    0x080001ba   0x080001ba   0x00000004   Code   RO         1586    .ARM.Collect$$rtentry$$0000000A  c_w.l(__rtentry2.o)
    0x080001be   0x080001be   0x00000000   Code   RO         1588    .ARM.Collect$$rtentry$$0000000C  c_w.l(__rtentry2.o)
    0x080001be   0x080001be   0x00000008   Code   RO         1589    .ARM.Collect$$rtentry$$0000000D  c_w.l(__rtentry2.o)
    0x080001c6   0x080001c6   0x00000002   Code   RO         1725    .ARM.Collect$$rtexit$$00000000  c_w.l(rtexit.o)
    0x080001c8   0x080001c8   0x00000000   Code   RO         1746    .ARM.Collect$$rtexit$$00000002  c_w.l(rtexit2.o)
    0x080001c8   0x080001c8   0x00000004   Code   RO         1747    .ARM.Collect$$rtexit$$00000003  c_w.l(rtexit2.o)
    0x080001cc   0x080001cc   0x00000006   Code   RO         1748    .ARM.Collect$$rtexit$$00000004  c_w.l(rtexit2.o)
    0x080001d2   0x080001d2   0x00000002   PAD
    0x080001d4   0x080001d4   0x00000040   Code   RO            4    .text               startup_stm32f103xb.o
    0x08000214   0x08000214   0x00000074   Code   RO         1419    .text               c_w.l(llsdiv.o)
    0x08000288   0x08000288   0x00000028   Code   RO         1423    .text               c_w.l(noretval__2sprintf.o)
    0x080002b0   0x080002b0   0x00000078   Code   RO         1427    .text               c_w.l(_printf_dec.o)
    0x08000328   0x08000328   0x0000010e   Code   RO         1437    .text               c_w.l(__printf_wp.o)
    0x08000436   0x08000436   0x00000058   Code   RO         1452    .text               c_w.l(memcmp.o)
    0x0800048e   0x0800048e   0x00000006   Code   RO         1454    .text               c_w.l(heapauxi.o)
    0x08000494   0x08000494   0x000000f0   Code   RO         1520    .text               c_w.l(lludivv7m.o)
    0x08000584   0x08000584   0x00000016   Code   RO         1522    .text               c_w.l(_rserrno.o)
    0x0800059a   0x0800059a   0x000000b2   Code   RO         1524    .text               c_w.l(_printf_intcommon.o)
    0x0800064c   0x0800064c   0x0000041c   Code   RO         1526    .text               c_w.l(_printf_fp_dec.o)
    0x08000a68   0x08000a68   0x00000030   Code   RO         1530    .text               c_w.l(_printf_char_common.o)
    0x08000a98   0x08000a98   0x0000000a   Code   RO         1532    .text               c_w.l(_sputc.o)
    0x08000aa2   0x08000aa2   0x00000002   PAD
    0x08000aa4   0x08000aa4   0x00000008   Code   RO         1602    .text               c_w.l(rt_locale_intlibspace.o)
    0x08000aac   0x08000aac   0x00000008   Code   RO         1607    .text               c_w.l(rt_errno_addr_intlibspace.o)
    0x08000ab4   0x08000ab4   0x0000008a   Code   RO         1609    .text               c_w.l(lludiv10.o)
    0x08000b3e   0x08000b3e   0x00000002   PAD
    0x08000b40   0x08000b40   0x00000080   Code   RO         1611    .text               c_w.l(_printf_fp_infnan.o)
    0x08000bc0   0x08000bc0   0x000000e4   Code   RO         1615    .text               c_w.l(bigflt0.o)
    0x08000ca4   0x08000ca4   0x00000008   Code   RO         1655    .text               c_w.l(libspace.o)
    0x08000cac   0x08000cac   0x0000004a   Code   RO         1658    .text               c_w.l(sys_stackheap_outer.o)
    0x08000cf6   0x08000cf6   0x00000012   Code   RO         1662    .text               c_w.l(exit.o)
    0x08000d08   0x08000d08   0x00000080   Code   RO         1668    .text               c_w.l(strcmpv7m.o)
    0x08000d88   0x08000d88   0x0000000c   Code   RO         1741    .text               c_w.l(sys_exit.o)
    0x08000d94   0x08000d94   0x00000002   Code   RO         1768    .text               c_w.l(use_no_semi.o)
    0x08000d96   0x08000d96   0x00000000   Code   RO         1770    .text               c_w.l(indicate_semi.o)
    0x08000d96   0x08000d96   0x00000002   PAD
    0x08000d98   0x08000d98   0x00000002   Code   RO          444    .text.BusFault_Handler  stm32f1xx_it.o
    0x08000d9a   0x08000d9a   0x00000002   PAD
    0x08000d9c   0x08000d9c   0x000001e4   Code   RO          335    .text.Control       pid.o
    0x08000f80   0x08000f80   0x00000002   Code   RO          450    .text.DebugMon_Handler  stm32f1xx_it.o
    0x08000f82   0x08000f82   0x00000002   PAD
    0x08000f84   0x08000f84   0x00000006   Code   RO          456    .text.EXTI2_IRQHandler  stm32f1xx_it.o
    0x08000f8a   0x08000f8a   0x00000002   PAD
    0x08000f8c   0x08000f8c   0x00000006   Code   RO          458    .text.EXTI9_5_IRQHandler  stm32f1xx_it.o
    0x08000f92   0x08000f92   0x00000002   PAD
    0x08000f94   0x08000f94   0x0000000a   Code   RO          351    .text.Error_Handler  main.o
    0x08000f9e   0x08000f9e   0x00000002   PAD
    0x08000fa0   0x08000fa0   0x00000056   Code   RO          293    .text.GET_Distance  sr04.o
    0x08000ff6   0x08000ff6   0x00000002   PAD
    0x08000ff8   0x08000ff8   0x00000046   Code   RO          775    .text.HAL_DMA_Abort  stm32f1xx_hal_dma.o
    0x0800103e   0x0800103e   0x00000002   PAD
    0x08001040   0x08001040   0x000000b4   Code   RO          777    .text.HAL_DMA_Abort_IT  stm32f1xx_hal_dma.o
    0x080010f4   0x080010f4   0x00000028   Code   RO          651    .text.HAL_Delay     stm32f1xx_hal.o
    0x0800111c   0x0800111c   0x0000007a   Code   RO          295    .text.HAL_GPIO_EXTI_Callback  sr04.o
    0x08001196   0x08001196   0x00000002   PAD
    0x08001198   0x08001198   0x00000016   Code   RO          755    .text.HAL_GPIO_EXTI_IRQHandler  stm32f1xx_hal_gpio.o
    0x080011ae   0x080011ae   0x00000002   PAD
    0x080011b0   0x080011b0   0x0000020e   Code   RO          743    .text.HAL_GPIO_Init  stm32f1xx_hal_gpio.o
    0x080013be   0x080013be   0x00000002   PAD
    0x080013c0   0x080013c0   0x0000000a   Code   RO          747    .text.HAL_GPIO_ReadPin  stm32f1xx_hal_gpio.o
    0x080013ca   0x080013ca   0x00000002   PAD
    0x080013cc   0x080013cc   0x0000000a   Code   RO          749    .text.HAL_GPIO_WritePin  stm32f1xx_hal_gpio.o
    0x080013d6   0x080013d6   0x00000002   PAD
    0x080013d8   0x080013d8   0x0000000c   Code   RO          643    .text.HAL_GetTick   stm32f1xx_hal.o
    0x080013e4   0x080013e4   0x00000164   Code   RO          493    .text.HAL_I2C_Init  stm32f1xx_hal_i2c.o
    0x08001548   0x08001548   0x0000015c   Code   RO          537    .text.HAL_I2C_Mem_Write  stm32f1xx_hal_i2c.o
    0x080016a4   0x080016a4   0x0000007a   Code   RO          376    .text.HAL_I2C_MspInit  i2c.o
    0x0800171e   0x0800171e   0x00000002   PAD
    0x08001720   0x08001720   0x0000001a   Code   RO          641    .text.HAL_IncTick   stm32f1xx_hal.o
    0x0800173a   0x0800173a   0x00000002   PAD
    0x0800173c   0x0800173c   0x00000026   Code   RO          631    .text.HAL_Init      stm32f1xx_hal.o
    0x08001762   0x08001762   0x00000002   PAD
    0x08001764   0x08001764   0x00000048   Code   RO          633    .text.HAL_InitTick  stm32f1xx_hal.o
    0x080017ac   0x080017ac   0x00000042   Code   RO          470    .text.HAL_MspInit   stm32f1xx_hal_msp.o
    0x080017ee   0x080017ee   0x00000002   PAD
    0x080017f0   0x080017f0   0x00000022   Code   RO          803    .text.HAL_NVIC_EnableIRQ  stm32f1xx_hal_cortex.o
    0x08001812   0x08001812   0x00000002   PAD
    0x08001814   0x08001814   0x00000056   Code   RO          801    .text.HAL_NVIC_SetPriority  stm32f1xx_hal_cortex.o
    0x0800186a   0x0800186a   0x00000002   PAD
    0x0800186c   0x0800186c   0x00000020   Code   RO          799    .text.HAL_NVIC_SetPriorityGrouping  stm32f1xx_hal_cortex.o
    0x0800188c   0x0800188c   0x000001c2   Code   RO          695    .text.HAL_RCC_ClockConfig  stm32f1xx_hal_rcc.o
    0x08001a4e   0x08001a4e   0x00000002   PAD
    0x08001a50   0x08001a50   0x00000026   Code   RO          707    .text.HAL_RCC_GetPCLK1Freq  stm32f1xx_hal_rcc.o
    0x08001a76   0x08001a76   0x00000002   PAD
    0x08001a78   0x08001a78   0x00000026   Code   RO          709    .text.HAL_RCC_GetPCLK2Freq  stm32f1xx_hal_rcc.o
    0x08001a9e   0x08001a9e   0x00000002   PAD
    0x08001aa0   0x08001aa0   0x00000400   Code   RO          693    .text.HAL_RCC_OscConfig  stm32f1xx_hal_rcc.o
    0x08001ea0   0x08001ea0   0x0000002c   Code   RO          811    .text.HAL_SYSTICK_Config  stm32f1xx_hal_cortex.o
    0x08001ecc   0x08001ecc   0x00000050   Code   RO         1261    .text.HAL_TIMEx_ConfigBreakDeadTime  stm32f1xx_hal_tim_ex.o
    0x08001f1c   0x08001f1c   0x0000007e   Code   RO         1259    .text.HAL_TIMEx_MasterConfigSynchronization  stm32f1xx_hal_tim_ex.o
    0x08001f9a   0x08001f9a   0x00000002   PAD
    0x08001f9c   0x08001f9c   0x000000ec   Code   RO          964    .text.HAL_TIM_Base_Init  stm32f1xx_hal_tim.o
    0x08002088   0x08002088   0x00000030   Code   RO          403    .text.HAL_TIM_Base_MspInit  tim.o
    0x080020b8   0x080020b8   0x00000066   Code   RO          974    .text.HAL_TIM_Base_Start  stm32f1xx_hal_tim.o
    0x0800211e   0x0800211e   0x00000002   PAD
    0x08002120   0x08002120   0x00000034   Code   RO          976    .text.HAL_TIM_Base_Stop  stm32f1xx_hal_tim.o
    0x08002154   0x08002154   0x000001a0   Code   RO         1144    .text.HAL_TIM_ConfigClockSource  stm32f1xx_hal_tim.o
    0x080022f4   0x080022f4   0x0000014c   Code   RO         1078    .text.HAL_TIM_Encoder_Init  stm32f1xx_hal_tim.o
    0x08002440   0x08002440   0x000000a8   Code   RO          401    .text.HAL_TIM_Encoder_MspInit  tim.o
    0x080024e8   0x080024e8   0x000000bc   Code   RO         1086    .text.HAL_TIM_Encoder_Start  stm32f1xx_hal_tim.o
    0x080025a4   0x080025a4   0x000001fe   Code   RO         1118    .text.HAL_TIM_PWM_ConfigChannel  stm32f1xx_hal_tim.o
    0x080027a2   0x080027a2   0x00000002   PAD
    0x080027a4   0x080027a4   0x000000ec   Code   RO         1018    .text.HAL_TIM_PWM_Init  stm32f1xx_hal_tim.o
    0x08002890   0x08002890   0x00000030   Code   RO          399    .text.HAL_TIM_PWM_MspInit  tim.o
    0x080028c0   0x080028c0   0x000000da   Code   RO         1026    .text.HAL_TIM_PWM_Start  stm32f1xx_hal_tim.o
    0x0800299a   0x0800299a   0x00000002   PAD
    0x0800299c   0x0800299c   0x00000002   Code   RO         1367    .text.HAL_UARTEx_RxEventCallback  stm32f1xx_hal_uart.o
    0x0800299e   0x0800299e   0x00000002   PAD
    0x080029a0   0x080029a0   0x00000002   Code   RO         1365    .text.HAL_UART_ErrorCallback  stm32f1xx_hal_uart.o
    0x080029a2   0x080029a2   0x00000002   PAD
    0x080029a4   0x080029a4   0x00000570   Code   RO         1359    .text.HAL_UART_IRQHandler  stm32f1xx_hal_uart.o
    0x08002f14   0x08002f14   0x000000e2   Code   RO         1283    .text.HAL_UART_Init  stm32f1xx_hal_uart.o
    0x08002ff6   0x08002ff6   0x00000002   PAD
    0x08002ff8   0x08002ff8   0x0000008a   Code   RO          425    .text.HAL_UART_MspInit  usart.o
    0x08003082   0x08003082   0x00000002   PAD
    0x08003084   0x08003084   0x00000054   Code   RO         1303    .text.HAL_UART_Receive_IT  stm32f1xx_hal_uart.o
    0x080030d8   0x080030d8   0x00000002   Code   RO         1373    .text.HAL_UART_RxCpltCallback  stm32f1xx_hal_uart.o
    0x080030da   0x080030da   0x00000002   PAD
    0x080030dc   0x080030dc   0x00000002   Code   RO         1369    .text.HAL_UART_TxCpltCallback  stm32f1xx_hal_uart.o
    0x080030de   0x080030de   0x00000002   PAD
    0x080030e0   0x080030e0   0x00000002   Code   RO          440    .text.HardFault_Handler  stm32f1xx_it.o
    0x080030e2   0x080030e2   0x00000002   PAD
    0x080030e4   0x080030e4   0x000000c8   Code   RO          539    .text.I2C_RequestMemoryWrite  stm32f1xx_hal_i2c.o
    0x080031ac   0x080031ac   0x000000ba   Code   RO          507    .text.I2C_WaitOnBTFFlagUntilTimeout  stm32f1xx_hal_i2c.o
    0x08003266   0x08003266   0x00000002   PAD
    0x08003268   0x08003268   0x000001ca   Code   RO          503    .text.I2C_WaitOnFlagUntilTimeout  stm32f1xx_hal_i2c.o
    0x08003432   0x08003432   0x00000002   PAD
    0x08003434   0x08003434   0x000000d6   Code   RO          621    .text.I2C_WaitOnMasterAddressFlagUntilTimeout  stm32f1xx_hal_i2c.o
    0x0800350a   0x0800350a   0x00000002   PAD
    0x0800350c   0x0800350c   0x000000ba   Code   RO          505    .text.I2C_WaitOnTXEFlagUntilTimeout  stm32f1xx_hal_i2c.o
    0x080035c6   0x080035c6   0x00000002   PAD
    0x080035c8   0x080035c8   0x0000005c   Code   RO           65    .text.IIC_GPIO_Init  iic.o
    0x08003624   0x08003624   0x000001b0   Code   RO           57    .text.IIC_Read_Byte  iic.o
    0x080037d4   0x080037d4   0x00000118   Code   RO           55    .text.IIC_Send_Byte  iic.o
    0x080038ec   0x080038ec   0x00000036   Code   RO           51    .text.IIC_Start     iic.o
    0x08003922   0x08003922   0x00000002   PAD
    0x08003924   0x08003924   0x0000002c   Code   RO           53    .text.IIC_Stop      iic.o
    0x08003950   0x08003950   0x00000040   Code   RO           63    .text.IIC_Wait_Ack  iic.o
    0x08003990   0x08003990   0x00000040   Code   RO          310    .text.Limit         motor.o
    0x080039d0   0x080039d0   0x0000008e   Code   RO          308    .text.Load          motor.o
    0x08003a5e   0x08003a5e   0x00000002   PAD
    0x08003a60   0x08003a60   0x00000042   Code   RO          279    .text.MPU_Get_Accelerometer  mpu6050.o
    0x08003aa2   0x08003aa2   0x00000002   PAD
    0x08003aa4   0x08003aa4   0x00000042   Code   RO          277    .text.MPU_Get_Gyroscope  mpu6050.o
    0x08003ae6   0x08003ae6   0x00000002   PAD
    0x08003ae8   0x08003ae8   0x000000bc   Code   RO          259    .text.MPU_Init      mpu6050.o
    0x08003ba4   0x08003ba4   0x00000070   Code   RO          275    .text.MPU_Read_Len  mpu6050.o
    0x08003c14   0x08003c14   0x00000044   Code   RO          261    .text.MPU_Write_Byte  mpu6050.o
    0x08003c58   0x08003c58   0x00000058   Code   RO          281    .text.MPU_Write_Len  mpu6050.o
    0x08003cb0   0x08003cb0   0x000000f6   Code   RO          364    .text.MX_GPIO_Init  gpio.o
    0x08003da6   0x08003da6   0x00000002   PAD
    0x08003da8   0x08003da8   0x00000042   Code   RO          374    .text.MX_I2C1_Init  i2c.o
    0x08003dea   0x08003dea   0x00000002   PAD
    0x08003dec   0x08003dec   0x00000120   Code   RO          389    .text.MX_TIM1_Init  tim.o
    0x08003f0c   0x08003f0c   0x00000064   Code   RO          393    .text.MX_TIM2_Init  tim.o
    0x08003f70   0x08003f70   0x00000074   Code   RO          395    .text.MX_TIM3_Init  tim.o
    0x08003fe4   0x08003fe4   0x00000068   Code   RO          397    .text.MX_TIM4_Init  tim.o
    0x0800404c   0x0800404c   0x0000003c   Code   RO          423    .text.MX_USART3_UART_Init  usart.o
    0x08004088   0x08004088   0x00000002   Code   RO          442    .text.MemManage_Handler  stm32f1xx_it.o
    0x0800408a   0x0800408a   0x00000002   PAD
    0x0800408c   0x0800408c   0x00000002   Code   RO          438    .text.NMI_Handler   stm32f1xx_it.o
    0x0800408e   0x0800408e   0x00000002   PAD
    0x08004090   0x08004090   0x000000ac   Code   RO           19    .text.OLED_Clear    oled.o
    0x0800413c   0x0800413c   0x00000010   Code   RO           17    .text.OLED_Init     oled.o
    0x0800414c   0x0800414c   0x000003a8   Code   RO           33    .text.OLED_ShowChar  oled.o
    0x080044f4   0x080044f4   0x00000040   Code   RO           35    .text.OLED_ShowString  oled.o
    0x08004534   0x08004534   0x00000002   Code   RO          452    .text.PendSV_Handler  stm32f1xx_it.o
    0x08004536   0x08004536   0x00000002   PAD
    0x08004538   0x08004538   0x0000000c   Code   RO          320    .text.Read_Speed    encoder.o
    0x08004544   0x08004544   0x00000002   Code   RO          448    .text.SVC_Handler   stm32f1xx_it.o
    0x08004546   0x08004546   0x00000002   PAD
    0x08004548   0x08004548   0x00000004   Code   RO          454    .text.SysTick_Handler  stm32f1xx_it.o
    0x0800454c   0x0800454c   0x00000002   Code   RO         1403    .text.SystemInit    system_stm32f1xx.o
    0x0800454e   0x0800454e   0x00000002   PAD
    0x08004550   0x08004550   0x0000000c   Code   RO         1363    .text.UART_DMAAbortOnError  stm32f1xx_hal_uart.o
    0x0800455c   0x0800455c   0x000000fe   Code   RO         1361    .text.UART_Receive_IT  stm32f1xx_hal_uart.o
    0x0800465a   0x0800465a   0x00000002   PAD
    0x0800465c   0x0800465c   0x00000084   Code   RO          460    .text.USART3_IRQHandler  stm32f1xx_it.o
    0x080046e0   0x080046e0   0x00000002   Code   RO          446    .text.UsageFault_Handler  stm32f1xx_it.o
    0x080046e2   0x080046e2   0x00000002   PAD
    0x080046e4   0x080046e4   0x000000c2   Code   RO          331    .text.Velocity      pid.o
    0x080047a6   0x080047a6   0x00000002   PAD
    0x080047a8   0x080047a8   0x0000025e   Code   RO           11    .text.WriteCmd      oled.o
    0x08004a06   0x08004a06   0x00000002   PAD
    0x08004a08   0x08004a08   0x000002a0   Code   RO          223    .text.dmp_enable_feature  inv_mpu_dmp_motion_driver.o
    0x08004ca8   0x08004ca8   0x00000016   Code   RO          187    .text.dmp_load_motion_driver_firmware  inv_mpu_dmp_motion_driver.o
    0x08004cbe   0x08004cbe   0x00000002   PAD
    0x08004cc0   0x08004cc0   0x000001cc   Code   RO          235    .text.dmp_read_fifo  inv_mpu_dmp_motion_driver.o
    0x08004e8c   0x08004e8c   0x000000c0   Code   RO          193    .text.dmp_set_accel_bias  inv_mpu_dmp_motion_driver.o
    0x08004f4c   0x08004f4c   0x00000070   Code   RO          195    .text.dmp_set_fifo_rate  inv_mpu_dmp_motion_driver.o
    0x08004fbc   0x08004fbc   0x000000e0   Code   RO          191    .text.dmp_set_gyro_bias  inv_mpu_dmp_motion_driver.o
    0x0800509c   0x0800509c   0x000000e8   Code   RO          189    .text.dmp_set_orientation  inv_mpu_dmp_motion_driver.o
    0x08005184   0x08005184   0x0000012a   Code   RO          199    .text.dmp_set_tap_thresh  inv_mpu_dmp_motion_driver.o
    0x080052ae   0x080052ae   0x00000002   PAD
    0x080052b0   0x080052b0   0x00000334   Code   RO          145    .text.get_st_biases  inv_mpu.o
    0x080055e4   0x080055e4   0x000000dc   Code   RO          165    .text.inv_orientation_matrix_to_scalar  inv_mpu.o
    0x080056c0   0x080056c0   0x000001f4   Code   RO          347    .text.main          main.o
    0x080058b4   0x080058b4   0x00000002   Code   RO          103    .text.mget_ms       inv_mpu.o
    0x080058b6   0x080058b6   0x00000002   PAD
    0x080058b8   0x080058b8   0x000000a4   Code   RO           91    .text.mpu_configure_fifo  inv_mpu.o
    0x0800595c   0x0800595c   0x000001dc   Code   RO          171    .text.mpu_dmp_get_data  inv_mpu.o
    0x08005b38   0x08005b38   0x000000f6   Code   RO          169    .text.mpu_dmp_init  inv_mpu.o
    0x08005c2e   0x08005c2e   0x00000002   PAD
    0x08005c30   0x08005c30   0x00000036   Code   RO          115    .text.mpu_get_accel_fsr  inv_mpu.o
    0x08005c66   0x08005c66   0x00000002   PAD
    0x08005c68   0x08005c68   0x00000040   Code   RO          127    .text.mpu_get_accel_sens  inv_mpu.o
    0x08005ca8   0x08005ca8   0x00000146   Code   RO           81    .text.mpu_init      inv_mpu.o
    0x08005dee   0x08005dee   0x00000002   PAD
    0x08005df0   0x08005df0   0x00000146   Code   RO          151    .text.mpu_load_firmware  inv_mpu.o
    0x08005f36   0x08005f36   0x00000002   PAD
    0x08005f38   0x08005f38   0x0000022c   Code   RO           97    .text.mpu_lp_accel_mode  inv_mpu.o
    0x08006164   0x08006164   0x000000be   Code   RO          137    .text.mpu_read_fifo_stream  inv_mpu.o
    0x08006222   0x08006222   0x00000002   PAD
    0x08006224   0x08006224   0x0000017a   Code   RO          111    .text.mpu_reset_fifo  inv_mpu.o
    0x0800639e   0x0800639e   0x00000002   PAD
    0x080063a0   0x080063a0   0x0000092c   Code   RO          141    .text.mpu_run_self_test  inv_mpu.o
    0x08006ccc   0x08006ccc   0x0000009a   Code   RO           85    .text.mpu_set_accel_fsr  inv_mpu.o
    0x08006d66   0x08006d66   0x00000002   PAD
    0x08006d68   0x08006d68   0x000000ee   Code   RO           93    .text.mpu_set_bypass  inv_mpu.o
    0x08006e56   0x08006e56   0x00000002   PAD
    0x08006e58   0x08006e58   0x000000e0   Code   RO          143    .text.mpu_set_dmp_state  inv_mpu.o
    0x08006f38   0x08006f38   0x0000009c   Code   RO           87    .text.mpu_set_lpf   inv_mpu.o
    0x08006fd4   0x08006fd4   0x00000142   Code   RO           89    .text.mpu_set_sample_rate  inv_mpu.o
    0x08007116   0x08007116   0x00000002   PAD
    0x08007118   0x08007118   0x000000ea   Code   RO           95    .text.mpu_set_sensors  inv_mpu.o
    0x08007202   0x08007202   0x00000002   PAD
    0x08007204   0x08007204   0x00000064   Code   RO          147    .text.mpu_write_mem  inv_mpu.o
    0x08007268   0x08007268   0x000000f4   Code   RO          163    .text.run_self_test  inv_mpu.o
    0x0800735c   0x0800735c   0x0000003e   Code   RO         1618    CL$$btod_d2e        c_w.l(btod.o)
    0x0800739a   0x0800739a   0x00000046   Code   RO         1620    CL$$btod_d2e_denorm_low  c_w.l(btod.o)
    0x080073e0   0x080073e0   0x00000060   Code   RO         1619    CL$$btod_d2e_norm_op1  c_w.l(btod.o)
    0x08007440   0x08007440   0x00000338   Code   RO         1628    CL$$btod_div_common  c_w.l(btod.o)
    0x08007778   0x08007778   0x000000dc   Code   RO         1625    CL$$btod_e2e        c_w.l(btod.o)
    0x08007854   0x08007854   0x0000002a   Code   RO         1622    CL$$btod_ediv       c_w.l(btod.o)
    0x0800787e   0x0800787e   0x0000002a   Code   RO         1621    CL$$btod_emul       c_w.l(btod.o)
    0x080078a8   0x080078a8   0x00000244   Code   RO         1627    CL$$btod_mult_common  c_w.l(btod.o)
    0x08007aec   0x08007aec   0x00000028   Code   RO         1573    i.__ARM_fpclassify  m_ws.l(fpclassify.o)
    0x08007b14   0x08007b14   0x000000aa   Code   RO         1575    i.__kernel_poly     m_ws.l(poly.o)
    0x08007bbe   0x08007bbe   0x00000006   Code   RO         1560    i.__mathlib_dbl_infnan  m_ws.l(dunder.o)
    0x08007bc4   0x08007bc4   0x00000004   Code   RO         1561    i.__mathlib_dbl_infnan2  m_ws.l(dunder.o)
    0x08007bc8   0x08007bc8   0x0000000c   Code   RO         1562    i.__mathlib_dbl_invalid  m_ws.l(dunder.o)
    0x08007bd4   0x08007bd4   0x00000010   Code   RO         1565    i.__mathlib_dbl_underflow  m_ws.l(dunder.o)
    0x08007be4   0x08007be4   0x0000000e   Code   RO         1439    i._is_digit         c_w.l(__printf_wp.o)
    0x08007bf2   0x08007bf2   0x00000002   PAD
    0x08007bf4   0x08007bf4   0x00000270   Code   RO         1507    i.asin              m_ws.l(asin.o)
    0x08007e64   0x08007e64   0x00000220   Code   RO         1555    i.atan              m_ws.l(atan.o)
    0x08008084   0x08008084   0x0000019c   Code   RO         1512    i.atan2             m_ws.l(atan2.o)
    0x08008220   0x08008220   0x0000004c   Code   RO         1579    i.sqrt              m_ws.l(sqrt.o)
    0x0800826c   0x0800826c   0x0000002c   Code   RO         1643    locale$$code        c_w.l(lc_numeric_c.o)
    0x08008298   0x08008298   0x00000062   Code   RO         1458    x$fpl$d2f           fz_ws.l(d2f.o)
    0x080082fa   0x080082fa   0x00000002   PAD
    0x080082fc   0x080082fc   0x00000150   Code   RO         1460    x$fpl$dadd          fz_ws.l(daddsub_clz.o)
    0x0800844c   0x0800844c   0x00000010   Code   RO         1645    x$fpl$dcheck1       fz_ws.l(dcheck1.o)
    0x0800845c   0x0800845c   0x00000018   Code   RO         1647    x$fpl$dcmpinf       fz_ws.l(dcmpi.o)
    0x08008474   0x08008474   0x000002b4   Code   RO         1467    x$fpl$ddiv          fz_ws.l(ddiv.o)
    0x08008728   0x08008728   0x00000078   Code   RO         1535    x$fpl$deqf          fz_ws.l(deqf.o)
    0x080087a0   0x080087a0   0x0000002e   Code   RO         1471    x$fpl$dflt          fz_ws.l(dflt_clz.o)
    0x080087ce   0x080087ce   0x00000002   PAD
    0x080087d0   0x080087d0   0x00000154   Code   RO         1476    x$fpl$dmul          fz_ws.l(dmul.o)
    0x08008924   0x08008924   0x0000009c   Code   RO         1537    x$fpl$dnaninf       fz_ws.l(dnaninf.o)
    0x080089c0   0x080089c0   0x0000000c   Code   RO         1539    x$fpl$dretinf       fz_ws.l(dretinf.o)
    0x080089cc   0x080089cc   0x00000016   Code   RO         1461    x$fpl$drsb          fz_ws.l(daddsub_clz.o)
    0x080089e2   0x080089e2   0x00000002   PAD
    0x080089e4   0x080089e4   0x000001cc   Code   RO         1649    x$fpl$dsqrt         fz_ws.l(dsqrt_noumaal.o)
    0x08008bb0   0x08008bb0   0x000001dc   Code   RO         1462    x$fpl$dsub          fz_ws.l(daddsub_clz.o)
    0x08008d8c   0x08008d8c   0x00000056   Code   RO         1478    x$fpl$f2d           fz_ws.l(f2d.o)
    0x08008de2   0x08008de2   0x00000002   PAD
    0x08008de4   0x08008de4   0x000000c4   Code   RO         1480    x$fpl$fadd          fz_ws.l(faddsub_clz.o)
    0x08008ea8   0x08008ea8   0x00000054   Code   RO         1486    x$fpl$fcmp          fz_ws.l(fcmp.o)
    0x08008efc   0x08008efc   0x00000018   Code   RO         1651    x$fpl$fcmpinf       fz_ws.l(fcmpi.o)
    0x08008f14   0x08008f14   0x00000184   Code   RO         1489    x$fpl$fdiv          fz_ws.l(fdiv.o)
    0x08009098   0x08009098   0x00000068   Code   RO         1541    x$fpl$feqf          fz_ws.l(feqf.o)
    0x08009100   0x08009100   0x00000036   Code   RO         1492    x$fpl$ffix          fz_ws.l(ffix.o)
    0x08009136   0x08009136   0x00000002   PAD
    0x08009138   0x08009138   0x00000030   Code   RO         1497    x$fpl$fflt          fz_ws.l(fflt_clz.o)
    0x08009168   0x08009168   0x00000026   Code   RO         1496    x$fpl$ffltu         fz_ws.l(fflt_clz.o)
    0x0800918e   0x0800918e   0x00000002   PAD
    0x08009190   0x08009190   0x00000068   Code   RO         1543    x$fpl$fgeqf         fz_ws.l(fgeqf.o)
    0x080091f8   0x080091f8   0x00000068   Code   RO         1545    x$fpl$fleqf         fz_ws.l(fleqf.o)
    0x08009260   0x08009260   0x00000102   Code   RO         1502    x$fpl$fmul          fz_ws.l(fmul.o)
    0x08009362   0x08009362   0x0000008c   Code   RO         1547    x$fpl$fnaninf       fz_ws.l(fnaninf.o)
    0x080093ee   0x080093ee   0x0000000a   Code   RO         1549    x$fpl$fretinf       fz_ws.l(fretinf.o)
    0x080093f8   0x080093f8   0x000000ea   Code   RO         1482    x$fpl$fsub          fz_ws.l(faddsub_clz.o)
    0x080094e2   0x080094e2   0x00000004   Code   RO         1504    x$fpl$printf1       fz_ws.l(printf1.o)
    0x080094e6   0x080094e6   0x00000064   Code   RO         1723    x$fpl$retnan        fz_ws.l(retnan.o)
    0x0800954a   0x0800954a   0x0000005c   Code   RO         1551    x$fpl$scalbn        fz_ws.l(scalbn.o)
    0x080095a6   0x080095a6   0x00000030   Code   RO         1739    x$fpl$trapveneer    fz_ws.l(trapv.o)
    0x080095d6   0x080095d6   0x00000000   Code   RO         1553    x$fpl$usenofp       fz_ws.l(usenofp.o)
    0x080095d6   0x080095d6   0x00000002   PAD
    0x080095d8   0x080095d8   0x00000050   Data   RO         1508    .constdata          m_ws.l(asin.o)
    0x08009628   0x08009628   0x00000098   Data   RO         1556    .constdata          m_ws.l(atan.o)
    0x080096c0   0x080096c0   0x00000008   Data   RO         1577    .constdata          m_ws.l(qnan.o)
    0x080096c8   0x080096c8   0x00000094   Data   RO         1616    .constdata          c_w.l(bigflt0.o)
    0x0800975c   0x0800975c   0x00000003   Data   RO          243    .rodata..L__const.dmp_set_orientation.accel_axes  inv_mpu_dmp_motion_driver.o
    0x0800975f   0x0800975f   0x00000003   Data   RO          242    .rodata..L__const.dmp_set_orientation.gyro_axes  inv_mpu_dmp_motion_driver.o
    0x08009762   0x08009762   0x00000010   Data   RO         1408    .rodata.AHBPrescTable  system_stm32f1xx.o
    0x08009772   0x08009772   0x00000008   Data   RO         1409    .rodata.APBPrescTable  system_stm32f1xx.o
    0x0800977a   0x0800977a   0x00000228   Data   RO           39    .rodata.F6x8        oled.o
    0x080099a2   0x080099a2   0x000005e0   Data   RO           40    .rodata.F8X16       oled.o
    0x08009f82   0x08009f82   0x00000002   Data   RO          720    .rodata.HAL_RCC_GetSysClockFreq.aPredivFactorTable  stm32f1xx_hal_rcc.o
    0x08009f84   0x08009f84   0x00000010   Data   RO          719    .rodata.cst16       stm32f1xx_hal_rcc.o
    0x08009f94   0x08009f94   0x00000008   Data   RO          176    .rodata.cst8        inv_mpu.o
    0x08009f9c   0x08009f9c   0x00000bf6   Data   RO          241    .rodata.dmp_memory  inv_mpu_dmp_motion_driver.o
    0x0800ab92   0x0800ab92   0x0000000c   Data   RO          174    .rodata.hw          inv_mpu.o
    0x0800ab9e   0x0800ab9e   0x0000001b   Data   RO          173    .rodata.reg         inv_mpu.o
    0x0800abb9   0x0800abb9   0x00000003   PAD
    0x0800abbc   0x0800abbc   0x00000028   Data   RO          175    .rodata.test        inv_mpu.o
    0x0800abe4   0x0800abe4   0x00000020   Data   RO         1815    Region$$Table       anon$$obj.o
    0x0800ac04   0x0800ac04   0x0000001c   Data   RO         1642    locale$$data        c_w.l(lc_numeric_c.o)


    Execution Region RW_IRAM1 (Exec base: 0x20000000, Load base: 0x0800ac20, Size: 0x00000928, Max: 0x00005000, ABSOLUTE)

    Exec Addr    Load Addr    Size         Type   Attr      Idx    E Section Name        Object

    0x20000000   0x0800ac20   0x00000038   Data   RW          178    .data..L_MergedGlobals  inv_mpu.o
    0x20000038   0x0800ac58   0x0000001c   Data   RW          337    .data..L_MergedGlobals  pid.o
    0x20000054   0x0800ac74   0x00000008   Data   RW          682    .data..L_MergedGlobals  stm32f1xx_hal.o
    0x2000005c   0x0800ac7c   0x0000001b   Data   RW           42    .data.CMD_Data      oled.o
    0x20000077   0x0800ac97   0x00000001   PAD
    0x20000078   0x0800ac98   0x00000004   Data   RW         1407    .data.SystemCoreClock  system_stm32f1xx.o
    0x2000007c   0x0800ac9c   0x00000004   PAD
    0x20000080        -       0x00000060   Zero   RW         1656    .bss                c_w.l(libspace.o)
    0x200000e0        -       0x00000010   Zero   RW          250    .bss..L_MergedGlobals  inv_mpu_dmp_motion_driver.o
    0x200000f0        -       0x00000008   Zero   RW          297    .bss..L_MergedGlobals  sr04.o
    0x200000f8        -       0x00000007   Zero   RW          462    .bss..L_MergedGlobals  stm32f1xx_it.o
    0x200000ff   0x0800ac9c   0x00000001   PAD
    0x20000100        -       0x00000048   Zero   RW          338    .bss..L_MergedGlobals.1  pid.o
    0x20000148        -       0x00000014   Zero   RW          353    .bss.display_buf    main.o
    0x2000015c        -       0x00000002   Zero   RW          244    .bss.dmp.2          inv_mpu_dmp_motion_driver.o
    0x2000015e   0x0800ac9c   0x00000002   PAD
    0x20000160        -       0x00000002   Zero   RW          245    .bss.dmp.4          inv_mpu_dmp_motion_driver.o
    0x20000162   0x0800ac9c   0x00000002   PAD
    0x20000164        -       0x00000054   Zero   RW          380    .bss.hi2c1          i2c.o
    0x200001b8        -       0x00000048   Zero   RW          411    .bss.htim1          tim.o
    0x20000200        -       0x00000048   Zero   RW          412    .bss.htim2          tim.o
    0x20000248        -       0x00000048   Zero   RW          413    .bss.htim3          tim.o
    0x20000290        -       0x00000048   Zero   RW          414    .bss.htim4          tim.o
    0x200002d8        -       0x00000048   Zero   RW          429    .bss.huart3         usart.o
    0x20000320        -       0x00000004   Zero   RW          681    .bss.uwTick         stm32f1xx_hal.o
    0x20000324   0x0800ac9c   0x00000004   PAD
    0x20000328        -       0x00000200   Zero   RW            2    HEAP                startup_stm32f103xb.o
    0x20000528        -       0x00000400   Zero   RW            1    STACK               startup_stm32f103xb.o


==============================================================================

Image component sizes


      Code (inc. data)   RO Data    RW Data    ZI Data      Debug   Object Name

        12          0          0          0          0       3546   encoder.o
       246          0          0          0          0       2946   gpio.o
       188          0          0          0         84       4912   i2c.o
       966          0          0          0          0       4234   iic.o
      7842        100         87         56          0      31309   inv_mpu.o
      2212         10       3068          0         20      11459   inv_mpu_dmp_motion_driver.o
       510         76          0          0         20       5259   main.o
       206          0          0          0          0       1630   motor.o
       588          0          0          0          0       5090   mpu6050.o
      1794          0       2056         27          0      10935   oled.o
       678          0          0         28         72       4222   pid.o
       208          0          0          0          8       4989   sr04.o
        64         26        236          0       1536        816   startup_stm32f103xb.o
       188          0          0          8          4       5775   stm32f1xx_hal.o
       196          0          0          0          0       8466   stm32f1xx_hal_cortex.o
       250          0          0          0          0       8505   stm32f1xx_hal_dma.o
       568         20          0          0          0       4648   stm32f1xx_hal_gpio.o
      1948          0          0          0          0      44382   stm32f1xx_hal_i2c.o
        66          0          0          0          0       1225   stm32f1xx_hal_msp.o
      1550          0         18          0          0       7956   stm32f1xx_hal_rcc.o
      2290          4          0          0          0      55776   stm32f1xx_hal_tim.o
       206          0          0          0          0      20570   stm32f1xx_hal_tim_ex.o
      1976          0          0          0          0      32617   stm32f1xx_hal_uart.o
       164         32          0          0          7       4535   stm32f1xx_it.o
         2          0         24          4          0       1613   system_stm32f1xx.o
       872          0          0          0        288       9531   tim.o
       198          0          0          0         72       5683   usart.o

    ----------------------------------------------------------------------
     26116        268       5524        124       2124     302629   Object Totals
         0          0         32          0          0          0   (incl. Generated)
       128          0          3          1         13          0   (incl. Padding)

    ----------------------------------------------------------------------

      Code (inc. data)   RO Data    RW Data    ZI Data      Debug   Library Member Name

         8          0          0          0          0         68   __main.o
       284          0          0          0          0        156   __printf_wp.o
         0          0          0          0          0          0   __rtentry.o
        12          0          0          0          0          0   __rtentry2.o
         6          0          0          0          0          0   __rtentry4.o
        94          8          0          0          0          0   __scatter.o
        26          0          0          0          0          0   __scatter_copy.o
        28          0          0          0          0          0   __scatter_zi.o
        48          6          0          0          0         96   _printf_char_common.o
         6          0          0          0          0          0   _printf_d.o
       120         16          0          0          0         92   _printf_dec.o
         6          0          0          0          0          0   _printf_f.o
      1052          0          0          0          0        148   _printf_fp_dec.o
       128         16          0          0          0         84   _printf_fp_infnan.o
       178          0          0          0          0         88   _printf_intcommon.o
         0          0          0          0          0          0   _printf_percent.o
         4          0          0          0          0          0   _printf_percent_end.o
        22          0          0          0          0        100   _rserrno.o
        10          0          0          0          0         68   _sputc.o
       228          4        148          0          0         96   bigflt0.o
      1936        128          0          0          0        668   btod.o
        18          0          0          0          0         80   exit.o
         6          0          0          0          0        152   heapauxi.o
         0          0          0          0          0          0   indicate_semi.o
        44         10         28          0          0         76   lc_numeric_c.o
         2          0          0          0          0          0   libinit.o
        18          0          0          0          0          0   libinit2.o
         2          0          0          0          0          0   libshutdown.o
         2          0          0          0          0          0   libshutdown2.o
         8          4          0          0         96         68   libspace.o
       116          0          0          0          0         84   llsdiv.o
       138          0          0          0          0         80   lludiv10.o
       240          0          0          0          0        100   lludivv7m.o
        88          0          0          0          0         76   memcmp.o
        40          6          0          0          0         84   noretval__2sprintf.o
         8          4          0          0          0         68   rt_errno_addr_intlibspace.o
         8          4          0          0          0         68   rt_locale_intlibspace.o
         2          0          0          0          0          0   rtexit.o
        10          0          0          0          0          0   rtexit2.o
       128          0          0          0          0         68   strcmpv7m.o
        12          4          0          0          0         68   sys_exit.o
        74          0          0          0          0         80   sys_stackheap_outer.o
         2          0          0          0          0         68   use_no_semi.o
        98          4          0          0          0         92   d2f.o
       834         16          0          0          0        372   daddsub_clz.o
        16          4          0          0          0         68   dcheck1.o
        24          0          0          0          0         68   dcmpi.o
       692        140          0          0          0        216   ddiv.o
       120          4          0          0          0         92   deqf.o
        46          0          0          0          0         68   dflt_clz.o
       340         12          0          0          0        104   dmul.o
       156          4          0          0          0         92   dnaninf.o
        12          0          0          0          0         68   dretinf.o
       460         56          0          0          0        120   dsqrt_noumaal.o
        86          4          0          0          0         84   f2d.o
       430          8          0          0          0        168   faddsub_clz.o
        84          0          0          0          0        196   fcmp.o
        24          0          0          0          0         68   fcmpi.o
       388         76          0          0          0         96   fdiv.o
       104          4          0          0          0         84   feqf.o
        54          4          0          0          0         84   ffix.o
        86          0          0          0          0        136   fflt_clz.o
       104          4          0          0          0         84   fgeqf.o
       104          4          0          0          0         84   fleqf.o
       258          4          0          0          0         84   fmul.o
       140          4          0          0          0         84   fnaninf.o
        10          0          0          0          0         68   fretinf.o
         4          0          0          0          0         68   printf1.o
       100          0          0          0          0         68   retnan.o
        92          0          0          0          0         68   scalbn.o
        48          0          0          0          0         68   trapv.o
         0          0          0          0          0          0   usenofp.o
       624         52         80          0          0        168   asin.o
       544         70        152          0          0        124   atan.o
       412         38          0          0          0        144   atan2.o
        38          6          0          0          0        272   dunder.o
        40          0          0          0          0         68   fpclassify.o
       170          0          0          0          0         96   poly.o
         0          0          8          0          0          0   qnan.o
        76          0          0          0          0         84   sqrt.o

    ----------------------------------------------------------------------
     12008        728        416          0         96       6792   Library Totals
        28          0          0          0          0          0   (incl. Padding)

    ----------------------------------------------------------------------

      Code (inc. data)   RO Data    RW Data    ZI Data      Debug   Library Name

      5162        210        176          0         96       2884   c_w.l
      4914        352          0          0          0       2952   fz_ws.l
      1904        166        240          0          0        956   m_ws.l

    ----------------------------------------------------------------------
     12008        728        416          0         96       6792   Library Totals

    ----------------------------------------------------------------------

==============================================================================


      Code (inc. data)   RO Data    RW Data    ZI Data      Debug   

     38124        996       5940        124       2220     305293   Grand Totals
     38124        996       5940        124       2220     305293   ELF Image Totals
     38124        996       5940        124          0          0   ROM Totals

==============================================================================

    Total RO  Size (Code + RO Data)                44064 (  43.03kB)
    Total RW  Size (RW Data + ZI Data)              2344 (   2.29kB)
    Total ROM Size (Code + RO Data + RW Data)      44188 (  43.15kB)

==============================================================================

